Archive member included to satisfy reference by file (symbol)

/home/mdlos/.pico-sdk/toolchain/13_3_Rel1/bin/../lib/gcc/arm-none-eabi/13.3.1/thumb/v6-m/nofp/libgcc.a(_dvmd_tls.o)
                              CMakeFiles/build.dir/home/mdlos/.pico-sdk/sdk/2.1.0/src/rp2_common/pico_divider/divider_hardware.S.o (__aeabi_idiv0)
/home/mdlos/.pico-sdk/toolchain/13_3_Rel1/bin/../lib/gcc/arm-none-eabi/13.3.1/../../../../arm-none-eabi/lib/thumb/v6-m/nofp/libg.a(libc_a-strlen-stub.o)
                              CMakeFiles/build.dir/home/mdlos/.pico-sdk/sdk/2.1.0/src/rp2_common/pico_stdio/stdio.c.o (strlen)
/home/mdlos/.pico-sdk/toolchain/13_3_Rel1/bin/../lib/gcc/arm-none-eabi/13.3.1/../../../../arm-none-eabi/lib/thumb/v6-m/nofp/libg.a(libc_a-malloc.o)
                              CMakeFiles/build.dir/home/mdlos/.pico-sdk/sdk/2.1.0/src/rp2_common/pico_malloc/malloc.c.o (malloc)
/home/mdlos/.pico-sdk/toolchain/13_3_Rel1/bin/../lib/gcc/arm-none-eabi/13.3.1/../../../../arm-none-eabi/lib/thumb/v6-m/nofp/libg.a(libc_a-mallocr.o)
                              /home/mdlos/.pico-sdk/toolchain/13_3_Rel1/bin/../lib/gcc/arm-none-eabi/13.3.1/../../../../arm-none-eabi/lib/thumb/v6-m/nofp/libg.a(libc_a-malloc.o) (_malloc_r)
/home/mdlos/.pico-sdk/toolchain/13_3_Rel1/bin/../lib/gcc/arm-none-eabi/13.3.1/../../../../arm-none-eabi/lib/thumb/v6-m/nofp/libg.a(libc_a-lcltime_r.o)
                              CMakeFiles/build.dir/home/mdlos/.pico-sdk/sdk/2.1.0/src/common/pico_util/datetime.c.o (localtime_r)
/home/mdlos/.pico-sdk/toolchain/13_3_Rel1/bin/../lib/gcc/arm-none-eabi/13.3.1/../../../../arm-none-eabi/lib/thumb/v6-m/nofp/libg.a(libc_a-sbrkr.o)
                              /home/mdlos/.pico-sdk/toolchain/13_3_Rel1/bin/../lib/gcc/arm-none-eabi/13.3.1/../../../../arm-none-eabi/lib/thumb/v6-m/nofp/libg.a(libc_a-mallocr.o) (_sbrk_r)
/home/mdlos/.pico-sdk/toolchain/13_3_Rel1/bin/../lib/gcc/arm-none-eabi/13.3.1/../../../../arm-none-eabi/lib/thumb/v6-m/nofp/libg.a(libc_a-mktime.o)
                              CMakeFiles/build.dir/home/mdlos/.pico-sdk/sdk/2.1.0/src/common/pico_util/datetime.c.o (mktime)
/home/mdlos/.pico-sdk/toolchain/13_3_Rel1/bin/../lib/gcc/arm-none-eabi/13.3.1/../../../../arm-none-eabi/lib/thumb/v6-m/nofp/libg.a(libc_a-month_lengths.o)
                              /home/mdlos/.pico-sdk/toolchain/13_3_Rel1/bin/../lib/gcc/arm-none-eabi/13.3.1/../../../../arm-none-eabi/lib/thumb/v6-m/nofp/libg.a(libc_a-lcltime_r.o) (__month_lengths)
/home/mdlos/.pico-sdk/toolchain/13_3_Rel1/bin/../lib/gcc/arm-none-eabi/13.3.1/../../../../arm-none-eabi/lib/thumb/v6-m/nofp/libg.a(libc_a-tzcalc_limits.o)
                              /home/mdlos/.pico-sdk/toolchain/13_3_Rel1/bin/../lib/gcc/arm-none-eabi/13.3.1/../../../../arm-none-eabi/lib/thumb/v6-m/nofp/libg.a(libc_a-lcltime_r.o) (__tzcalc_limits)
/home/mdlos/.pico-sdk/toolchain/13_3_Rel1/bin/../lib/gcc/arm-none-eabi/13.3.1/../../../../arm-none-eabi/lib/thumb/v6-m/nofp/libg.a(libc_a-tzlock.o)
                              /home/mdlos/.pico-sdk/toolchain/13_3_Rel1/bin/../lib/gcc/arm-none-eabi/13.3.1/../../../../arm-none-eabi/lib/thumb/v6-m/nofp/libg.a(libc_a-lcltime_r.o) (__tz_lock)
/home/mdlos/.pico-sdk/toolchain/13_3_Rel1/bin/../lib/gcc/arm-none-eabi/13.3.1/../../../../arm-none-eabi/lib/thumb/v6-m/nofp/libg.a(libc_a-tzset.o)
                              /home/mdlos/.pico-sdk/toolchain/13_3_Rel1/bin/../lib/gcc/arm-none-eabi/13.3.1/../../../../arm-none-eabi/lib/thumb/v6-m/nofp/libg.a(libc_a-lcltime_r.o) (_tzset_unlocked)
/home/mdlos/.pico-sdk/toolchain/13_3_Rel1/bin/../lib/gcc/arm-none-eabi/13.3.1/../../../../arm-none-eabi/lib/thumb/v6-m/nofp/libg.a(libc_a-mlock.o)
                              /home/mdlos/.pico-sdk/toolchain/13_3_Rel1/bin/../lib/gcc/arm-none-eabi/13.3.1/../../../../arm-none-eabi/lib/thumb/v6-m/nofp/libg.a(libc_a-mallocr.o) (__malloc_lock)
/home/mdlos/.pico-sdk/toolchain/13_3_Rel1/bin/../lib/gcc/arm-none-eabi/13.3.1/../../../../arm-none-eabi/lib/thumb/v6-m/nofp/libg.a(libc_a-calloc.o)
                              CMakeFiles/build.dir/home/mdlos/.pico-sdk/sdk/2.1.0/src/rp2_common/pico_malloc/malloc.c.o (calloc)
/home/mdlos/.pico-sdk/toolchain/13_3_Rel1/bin/../lib/gcc/arm-none-eabi/13.3.1/../../../../arm-none-eabi/lib/thumb/v6-m/nofp/libg.a(libc_a-memcmp.o)
                              CMakeFiles/build.dir/home/mdlos/.pico-sdk/sdk/2.1.0/src/rp2_common/pico_atomic/atomic.c.o (memcmp)
/home/mdlos/.pico-sdk/toolchain/13_3_Rel1/bin/../lib/gcc/arm-none-eabi/13.3.1/../../../../arm-none-eabi/lib/thumb/v6-m/nofp/libg.a(libc_a-callocr.o)
                              /home/mdlos/.pico-sdk/toolchain/13_3_Rel1/bin/../lib/gcc/arm-none-eabi/13.3.1/../../../../arm-none-eabi/lib/thumb/v6-m/nofp/libg.a(libc_a-calloc.o) (_calloc_r)
/home/mdlos/.pico-sdk/toolchain/13_3_Rel1/bin/../lib/gcc/arm-none-eabi/13.3.1/../../../../arm-none-eabi/lib/thumb/v6-m/nofp/libg.a(libc_a-div.o)
[...]
Memory Configuration

Name             Origin             Length             Attributes
FLASH            0x10000000         0x00200000         xr
RAM              0x20000000         0x00040000         xrw
SCRATCH_X        0x20040000         0x00001000         xrw
SCRATCH_Y        0x20041000         0x00001000         xrw
*default*        0x00000000         0xffffffff

Linker script and memory map

LOAD /home/mdlos/.pico-sdk/toolchain/13_3_Rel1/bin/../lib/gcc/arm-none-eabi/13.3.1/thumb/v6-m/nofp/crti.o
LOAD /home/mdlos/.pico-sdk/toolchain/13_3_Rel1/bin/../lib/gcc/arm-none-eabi/13.3.1/thumb/v6-m/nofp/crtbegin.o
LOAD /home/mdlos/.pico-sdk/toolchain/13_3_Rel1/bin/../lib/gcc/arm-none-eabi/13.3.1/../../../../arm-none-eabi/lib/thumb/v6-m/nofp/crt0.o

.flash_begin    0x10000000        0x0
                0x10000000                        __flash_binary_start = .

.boot2          0x10000000      0x100
                0x10000000                        __boot2_start__ = .
 *(.boot2)
 .boot2         0x10000000      0x100 pico-sdk/src/rp2040/boot_stage2/CMakeFiles/bs2_default_library.dir/bs2_default_padded_checksummed.S.o
                0x10000100                        __boot2_end__ = .
                0x00000001                        ASSERT (((__boot2_end__ - __boot2_start__) == 0x100), ERROR: Pico second stage bootloader must be 256 bytes in size)

.text           0x10000100     0x1858
                0x10000100                        __logical_binary_start = .
 *(.vectors)
 .vectors       0x10000100       0xd4 CMakeFiles/build.dir/home/mdlos/.pico-sdk/sdk/2.1.0/src/rp2_common/pico_crt0/crt0.S.o
                0x10000100                __vectors
                0x10000100                __VECTOR_TABLE
                0x100001c0                isr_invalid
                0x100001c0                __default_isrs_start
                0x100001c2                isr_nmi
                0x100001c4                isr_hardfault
                0x100001c6                isr_svcall
                0x100001c8                isr_pendsv
                0x100001ca                isr_systick
                0x100001cc                isr_irq30
                0x100001cc                __unhandled_user_irq
                0x100001cc                isr_irq13
                0x100001cc                isr_irq27
                0x100001cc                isr_irq31
                0x100001cc                isr_irq5
                0x100001cc                isr_irq11
                0x100001cc                isr_irq23
                0x100001cc                isr_irq18
                0x100001cc                isr_irq28
                0x100001cc                isr_irq19
                0x100001cc                isr_irq0
                0x100001cc                isr_irq6
                0x100001cc                isr_irq22
                0x100001cc                isr_irq17
                0x100001cc                isr_irq14
                0x100001cc                isr_irq2
                0x100001cc                isr_irq10
                0x100001cc                isr_irq8
                0x100001cc                isr_irq24
                0x100001cc                isr_irq1
                0x100001cc                isr_irq7
                0x100001cc                isr_irq21
                0x100001cc                isr_irq20
                0x100001cc                isr_irq15
                0x100001cc                isr_irq25
                0x100001cc                isr_irq4
                0x100001cc                isr_irq16
                0x100001cc                isr_irq29
                0x100001cc                isr_irq26
                0x100001cc                __default_isrs_end
                0x100001cc                isr_irq3
                0x100001cc                isr_irq12
                0x100001cc                isr_irq9
                0x100001d2                unhandled_user_irq_num_in_r0
 *(.binary_info_header)
 .binary_info_header
                0x100001d4       0x14 CMakeFiles/build.dir/home/mdlos/.pico-sdk/sdk/2.1.0/src/rp2_common/pico_crt0/crt0.S.o
                0x100001e8                        __binary_info_header_end = .
 *(.embedded_block)
                0x100001e8                        __embedded_block_end = .
 *(.reset)
 .reset         0x100001e8       0x9c CMakeFiles/build.dir/home/mdlos/.pico-sdk/sdk/2.1.0/src/rp2_common/pico_crt0/crt0.S.o
                0x100001e8                _entry_point
 *(.init)
 .init          0x10000284        0x4 /home/mdlos/.pico-sdk/toolchain/13_3_Rel1/bin/../lib/gcc/arm-none-eabi/13.3.1/thumb/v6-m/nofp/crti.o
                0x10000284                _init
 *(EXCLUDE_FILE(*libm.a: *libc.a:*lib_a-mem*.o *libgcc.a:) .text*)
 .text.register_tm_clones
                0x10000288       0x28 /home/mdlos/.pico-sdk/toolchain/13_3_Rel1/bin/../lib/gcc/arm-none-eabi/13.3.1/thumb/v6-m/nofp/crtbegin.o
 .text.frame_dummy
                0x100002b0       0x24 /home/mdlos/.pico-sdk/toolchain/13_3_Rel1/bin/../lib/gcc/arm-none-eabi/13.3.1/thumb/v6-m/nofp/crtbegin.o
 .text.callback_alarme
                0x100002d4       0x90 CMakeFiles/build.dir/build.c.o
                0x100002d4                callback_alarme
 .text.startup.main
                0x10000364      0x110 CMakeFiles/build.dir/build.c.o
                0x10000364                main
 .text.gpio_set_pulls
                0x10000474       0x28 CMakeFiles/build.dir/home/mdlos/.pico-sdk/sdk/2.1.0/src/rp2_common/hardware_gpio/gpio.c.o
                0x10000474                gpio_set_pulls
 .text.gpio_init
                0x1000049c       0x40 CMakeFiles/build.dir/home/mdlos/.pico-sdk/sdk/2.1.0/src/rp2_common/hardware_gpio/gpio.c.o
                0x1000049c                gpio_init
 .text.panic    0x100004dc       0x30 CMakeFiles/build.dir/home/mdlos/.pico-sdk/sdk/2.1.0/src/rp2_common/pico_platform_panic/panic.c.o
                0x100004dc                panic
 .text.hw_claim_or_assert
                0x1000050c       0x44 CMakeFiles/build.dir/home/mdlos/.pico-sdk/sdk/2.1.0/src/common/hardware_claim/claim.c.o
                0x1000050c                hw_claim_or_assert
 .text.next_striped_spin_lock_num
                0x10000550       0x18 CMakeFiles/build.dir/home/mdlos/.pico-sdk/sdk/2.1.0/src/rp2_common/hardware_sync/sync.c.o
                0x10000550                next_striped_spin_lock_num
 .text.spin_locks_reset
                0x10000568       0x1c CMakeFiles/build.dir/home/mdlos/.pico-sdk/sdk/2.1.0/src/rp2_common/hardware_sync_spin_lock/sync_spin_lock.c.o
                0x10000568                spin_locks_reset
 .text.runtime_init_per_core_irq_priorities
                0x10000584       0x24 CMakeFiles/build.dir/home/mdlos/.pico-sdk/sdk/2.1.0/src/rp2_common/hardware_irq/irq.c.o
                0x10000584                runtime_init_per_core_irq_priorities
 .text.irq_set_enabled
                0x100005a8       0x24 CMakeFiles/build.dir/home/mdlos/.pico-sdk/sdk/2.1.0/src/rp2_common/hardware_irq/irq.c.o
                0x100005a8                irq_set_enabled
 .text.irq_set_exclusive_handler
                0x100005cc       0x54 CMakeFiles/build.dir/home/mdlos/.pico-sdk/sdk/2.1.0/src/rp2_common/hardware_irq/irq.c.o
                0x100005cc                irq_set_exclusive_handler
 .text.lock_init
                0x10000620       0x10 CMakeFiles/build.dir/home/mdlos/.pico-sdk/sdk/2.1.0/src/common/pico_sync/lock_core.c.o
                0x10000620                lock_init
 .text.runtime_init_mutex
                0x10000630       0x50 CMakeFiles/build.dir/home/mdlos/.pico-sdk/sdk/2.1.0/src/common/pico_sync/mutex.c.o
                0x10000630                runtime_init_mutex
 .text.sleep_until_callback
                0x10000680       0x30 CMakeFiles/build.dir/home/mdlos/.pico-sdk/sdk/2.1.0/src/common/pico_time/time.c.o
 .text.alarm_pool_irq_handler
                0x100006b0      0x2fc CMakeFiles/build.dir/home/mdlos/.pico-sdk/sdk/2.1.0/src/common/pico_time/time.c.o
 .text.runtime_init_default_alarm_pool
                0x100009ac       0xdc CMakeFiles/build.dir/home/mdlos/.pico-sdk/sdk/2.1.0/src/common/pico_time/time.c.o
                0x100009ac                runtime_init_default_alarm_pool
 .text.alarm_pool_get_default
                0x10000a88        0x8 CMakeFiles/build.dir/home/mdlos/.pico-sdk/sdk/2.1.0/src/common/pico_time/time.c.o
                0x10000a88                alarm_pool_get_default
 .text.alarm_pool_add_alarm_at
                0x10000a90       0xd4 CMakeFiles/build.dir/home/mdlos/.pico-sdk/sdk/2.1.0/src/common/pico_time/time.c.o
                0x10000a90                alarm_pool_add_alarm_at
 .text.alarm_pool_add_alarm_at_force_in_context
                0x10000b64       0xb0 CMakeFiles/build.dir/home/mdlos/.pico-sdk/sdk/2.1.0/src/common/pico_time/time.c.o
                0x10000b64                alarm_pool_add_alarm_at_force_in_context
 .text.alarm_pool_cancel_alarm
                0x10000c14       0x74 CMakeFiles/build.dir/home/mdlos/.pico-sdk/sdk/2.1.0/src/common/pico_time/time.c.o
                0x10000c14                alarm_pool_cancel_alarm
 .text.sleep_until
                0x10000c88       0xd8 CMakeFiles/build.dir/home/mdlos/.pico-sdk/sdk/2.1.0/src/common/pico_time/time.c.o
                0x10000c88                sleep_until
 .text.sleep_ms
                0x10000d60       0x38 CMakeFiles/build.dir/home/mdlos/.pico-sdk/sdk/2.1.0/src/common/pico_time/time.c.o
                0x10000d60                sleep_ms
 .text.best_effort_wfe_or_timeout
                0x10000d98       0xe0 CMakeFiles/build.dir/home/mdlos/.pico-sdk/sdk/2.1.0/src/common/pico_time/time.c.o
                0x10000d98                best_effort_wfe_or_timeout
 .text.timer_hardware_alarm_claim
                0x10000e78       0x14 CMakeFiles/build.dir/home/mdlos/.pico-sdk/sdk/2.1.0/src/rp2_common/hardware_timer/timer.c.o
                0x10000e78                timer_hardware_alarm_claim
 .text.timer_time_us_64
                0x10000e8c       0x10 CMakeFiles/build.dir/home/mdlos/.pico-sdk/sdk/2.1.0/src/rp2_common/hardware_timer/timer.c.o
                0x10000e8c                timer_time_us_64
 .text.time_us_64
                0x10000e9c       0x14 CMakeFiles/build.dir/home/mdlos/.pico-sdk/sdk/2.1.0/src/rp2_common/hardware_timer/timer.c.o
                0x10000e9c                time_us_64
 .text.busy_wait_until
                0x10000eb0       0x20 CMakeFiles/build.dir/home/mdlos/.pico-sdk/sdk/2.1.0/src/rp2_common/hardware_timer/timer.c.o
                0x10000eb0                busy_wait_until
 .text.clock_configure_int_divider
                0x10000ed0       0xf4 CMakeFiles/build.dir/home/mdlos/.pico-sdk/sdk/2.1.0/src/rp2_common/hardware_clocks/clocks.c.o
                0x10000ed0                clock_configure_int_divider
 .text.clock_configure_undivided
                0x10000fc4       0xe8 CMakeFiles/build.dir/home/mdlos/.pico-sdk/sdk/2.1.0/src/rp2_common/hardware_clocks/clocks.c.o
                0x10000fc4                clock_configure_undivided
 .text.clock_get_hz
                0x100010ac        0xc CMakeFiles/build.dir/home/mdlos/.pico-sdk/sdk/2.1.0/src/rp2_common/hardware_clocks/clocks.c.o
                0x100010ac                clock_get_hz
 .text.pll_init
                0x100010b8       0xa4 CMakeFiles/build.dir/home/mdlos/.pico-sdk/sdk/2.1.0/src/rp2_common/hardware_pll/pll.c.o
                0x100010b8                pll_init
 .text.tick_start
                0x1000115c       0x10 CMakeFiles/build.dir/home/mdlos/.pico-sdk/sdk/2.1.0/src/rp2_common/hardware_ticks/ticks.c.o
                0x1000115c                tick_start
 .text.rom_func_lookup
                0x1000116c       0x10 CMakeFiles/build.dir/home/mdlos/.pico-sdk/sdk/2.1.0/src/rp2_common/pico_bootrom/bootrom.c.o
                0x1000116c                rom_func_lookup
 .text.rom_data_lookup
                0x1000117c       0x10 CMakeFiles/build.dir/home/mdlos/.pico-sdk/sdk/2.1.0/src/rp2_common/pico_bootrom/bootrom.c.o
                0x1000117c                rom_data_lookup
 .text.rom_funcs_lookup
                0x1000118c       0x44 CMakeFiles/build.dir/home/mdlos/.pico-sdk/sdk/2.1.0/src/rp2_common/pico_bootrom/bootrom.c.o
                0x1000118c                rom_funcs_lookup
 .text.xosc_init
                0x100011d0       0x28 CMakeFiles/build.dir/home/mdlos/.pico-sdk/sdk/2.1.0/src/rp2_common/hardware_xosc/xosc.c.o
                0x100011d0                xosc_init
 .text.first_per_core_initializer
                0x100011f8        0x4 CMakeFiles/build.dir/home/mdlos/.pico-sdk/sdk/2.1.0/src/rp2_common/pico_runtime/runtime.c.o
 .text.hard_assertion_failure
                0x100011fc        0xc CMakeFiles/build.dir/home/mdlos/.pico-sdk/sdk/2.1.0/src/rp2_common/pico_runtime/runtime.c.o
                0x100011fc                hard_assertion_failure
 .text.runtime_run_initializers
                0x10001208       0x28 CMakeFiles/build.dir/home/mdlos/.pico-sdk/sdk/2.1.0/src/rp2_common/pico_runtime/runtime.c.o
                0x10001208                runtime_run_initializers
 .text.runtime_init_early_resets
                0x10001230       0x2c CMakeFiles/build.dir/home/mdlos/.pico-sdk/sdk/2.1.0/src/rp2_common/pico_runtime_init/runtime_init.c.o
                0x10001230                runtime_init_early_resets
 .text.runtime_init_usb_power_down
                0x1000125c       0x1c CMakeFiles/build.dir/home/mdlos/.pico-sdk/sdk/2.1.0/src/rp2_common/pico_runtime_init/runtime_init.c.o
                0x1000125c                runtime_init_usb_power_down
 .text.runtime_init_post_clock_resets
                0x10001278       0x20 CMakeFiles/build.dir/home/mdlos/.pico-sdk/sdk/2.1.0/src/rp2_common/pico_runtime_init/runtime_init.c.o
                0x10001278                runtime_init_post_clock_resets
 .text.runtime_init_rp2040_gpio_ie_disable
                0x10001298       0x14 CMakeFiles/build.dir/home/mdlos/.pico-sdk/sdk/2.1.0/src/rp2_common/pico_runtime_init/runtime_init.c.o
                0x10001298                runtime_init_rp2040_gpio_ie_disable
 .text.runtime_init_spin_locks_reset
                0x100012ac        0x8 CMakeFiles/build.dir/home/mdlos/.pico-sdk/sdk/2.1.0/src/rp2_common/pico_runtime_init/runtime_init.c.o
                0x100012ac                runtime_init_spin_locks_reset
 .text.runtime_init_install_ram_vector_table
                0x100012b4       0x1c CMakeFiles/build.dir/home/mdlos/.pico-sdk/sdk/2.1.0/src/rp2_common/pico_runtime_init/runtime_init.c.o
                0x100012b4                runtime_init_install_ram_vector_table
 .text.runtime_init_clocks
                0x100012d0       0xd8 CMakeFiles/build.dir/home/mdlos/.pico-sdk/sdk/2.1.0/src/rp2_common/pico_runtime_init/runtime_init_clocks.c.o
                0x100012d0                runtime_init_clocks
 .text          0x100013a8       0x10 CMakeFiles/build.dir/home/mdlos/.pico-sdk/sdk/2.1.0/src/rp2_common/pico_bit_ops/bit_ops_aeabi.S.o
 .text.__wrap___aeabi_uidiv
                0x100013b8       0x4c CMakeFiles/build.dir/home/mdlos/.pico-sdk/sdk/2.1.0/src/rp2_common/pico_divider/divider_hardware.S.o
                0x100013b8                __wrap___aeabi_uidiv
                0x100013b8                __wrap___aeabi_uidivmod
                0x100013b8                div_u32u32
                0x100013b8                divmod_u32u32
                0x100013c0                divmod_u32u32_unsafe
                0x100013e8                divmod_u32u32_savestate
 .text.missing_double_func_shim
                0x10001404        0xc CMakeFiles/build.dir/home/mdlos/.pico-sdk/sdk/2.1.0/src/rp2_common/pico_double/double_init_rom_rp2040.c.o
 .text.__aeabi_double_init
                0x10001410       0xa0 CMakeFiles/build.dir/home/mdlos/.pico-sdk/sdk/2.1.0/src/rp2_common/pico_double/double_init_rom_rp2040.c.o
                0x10001410                __aeabi_double_init
 .text.double_table_shim_on_use_helper
                0x100014b0       0x2c CMakeFiles/build.dir/home/mdlos/.pico-sdk/sdk/2.1.0/src/rp2_common/pico_double/double_v1_rom_shim_rp2040.S.o
                0x100014b0                double_table_shim_on_use_helper
 .text.__aeabi_lmul
                0x100014dc       0x32 CMakeFiles/build.dir/home/mdlos/.pico-sdk/sdk/2.1.0/src/rp2_common/pico_int64_ops/pico_int64_ops_aeabi.S.o
                0x100014dc                __wrap___aeabi_lmul
 *fill*         0x1000150e        0x2 
 .text.missing_float_func_shim
                0x10001510        0xc CMakeFiles/build.dir/home/mdlos/.pico-sdk/sdk/2.1.0/src/rp2_common/pico_float/float_init_rom_rp2040.c.o
 .text.__aeabi_float_init
                0x1000151c       0x5c CMakeFiles/build.dir/home/mdlos/.pico-sdk/sdk/2.1.0/src/rp2_common/pico_float/float_init_rom_rp2040.c.o
                0x1000151c                __aeabi_float_init
 .text          0x10001578       0x10 CMakeFiles/build.dir/home/mdlos/.pico-sdk/sdk/2.1.0/src/rp2_common/pico_mem_ops/mem_ops_aeabi.S.o
                0x10001578                __aeabi_mem_init
 .text.memcpy   0x10001588        0xc CMakeFiles/build.dir/home/mdlos/.pico-sdk/sdk/2.1.0/src/rp2_common/pico_mem_ops/mem_ops_aeabi.S.o
                0x10001588                __wrap___aeabi_memcpy
                0x10001588                __wrap_memcpy
 .text._out_char
                0x10001594       0x10 CMakeFiles/build.dir/home/mdlos/.pico-sdk/sdk/2.1.0/src/rp2_common/pico_printf/printf.c.o
 .text.weak_raw_vprintf
                0x100015a4       0x30 CMakeFiles/build.dir/home/mdlos/.pico-sdk/sdk/2.1.0/src/rp2_common/pico_printf/printf.c.o
                0x100015a4                weak_raw_vprintf
 .text._exit    0x100015d4        0x4 CMakeFiles/build.dir/home/mdlos/.pico-sdk/sdk/2.1.0/src/rp2_common/pico_clib_interface/newlib_interface.c.o
                0x100015d4                _exit
 .text.exit     0x100015d8        0x8 CMakeFiles/build.dir/home/mdlos/.pico-sdk/sdk/2.1.0/src/rp2_common/pico_clib_interface/newlib_interface.c.o
                0x100015d8                exit
 .text.runtime_init
                0x100015e0       0x2c CMakeFiles/build.dir/home/mdlos/.pico-sdk/sdk/2.1.0/src/rp2_common/pico_clib_interface/newlib_interface.c.o
                0x100015e0                runtime_init
 .text.stdio_out_chars_no_crlf
                0x1000160c       0x10 CMakeFiles/build.dir/home/mdlos/.pico-sdk/sdk/2.1.0/src/rp2_common/pico_stdio/stdio.c.o
 .text.stdio_out_chars_crlf
                0x1000161c       0x94 CMakeFiles/build.dir/home/mdlos/.pico-sdk/sdk/2.1.0/src/rp2_common/pico_stdio/stdio.c.o
 .text.stdio_put_string
                0x100016b0      0x100 CMakeFiles/build.dir/home/mdlos/.pico-sdk/sdk/2.1.0/src/rp2_common/pico_stdio/stdio.c.o
                0x100016b0                stdio_put_string
 .text.stdio_init_all
                0x100017b0        0x4 CMakeFiles/build.dir/home/mdlos/.pico-sdk/sdk/2.1.0/src/rp2_common/pico_stdio/stdio.c.o
                0x100017b0                stdio_init_all
 .text.__wrap_putchar
                0x100017b4       0x98 CMakeFiles/build.dir/home/mdlos/.pico-sdk/sdk/2.1.0/src/rp2_common/pico_stdio/stdio.c.o
                0x100017b4                stdio_putchar
                0x100017b4                __wrap_putchar
 .text.__wrap_puts
                0x1000184c       0x3c CMakeFiles/build.dir/home/mdlos/.pico-sdk/sdk/2.1.0/src/rp2_common/pico_stdio/stdio.c.o
                0x1000184c                __wrap_puts
                0x1000184c                stdio_puts
 .text.strlen   0x10001888       0x5c /home/mdlos/.pico-sdk/toolchain/13_3_Rel1/bin/../lib/gcc/arm-none-eabi/13.3.1/../../../../arm-none-eabi/lib/thumb/v6-m/nofp/libg.a(libc_a-strlen-stub.o)
                0x10001888                strlen
 *(.fini)
 .fini          0x100018e4        0x4 /home/mdlos/.pico-sdk/toolchain/13_3_Rel1/bin/../lib/gcc/arm-none-eabi/13.3.1/thumb/v6-m/nofp/crti.o
                0x100018e4                _fini
 .fini.__stub   0x100018e8       0x30 linker stubs
 *crtbegin.o(.ctors)
 *crtbegin?.o(.ctors)
 *(EXCLUDE_FILE(*crtend.o *crtend?.o) .ctors)
 *(SORT_BY_NAME(.ctors.*))
 *(.ctors)
 *crtbegin.o(.dtors)
 *crtbegin?.o(.dtors)
 *(EXCLUDE_FILE(*crtend.o *crtend?.o) .dtors)
 *(SORT_BY_NAME(.dtors.*))
 *(.dtors)
                0x10001918                        . = ALIGN (0x4)
                0x10001918                        PROVIDE (__preinit_array_start = .)
 *(SORT_BY_NAME(.preinit_array.*))
 .preinit_array.00100
                0x10001918        0x4 CMakeFiles/build.dir/home/mdlos/.pico-sdk/sdk/2.1.0/src/rp2_common/pico_runtime_init/runtime_init.c.o
                0x10001918                __pre_init_runtime_init_early_resets
 .preinit_array.00101
                0x1000191c        0x4 CMakeFiles/build.dir/home/mdlos/.pico-sdk/sdk/2.1.0/src/rp2_common/pico_runtime_init/runtime_init.c.o
                0x1000191c                __pre_init_runtime_init_usb_power_down
 .preinit_array.00275
                0x10001920        0x4 CMakeFiles/build.dir/home/mdlos/.pico-sdk/sdk/2.1.0/src/rp2_common/pico_bit_ops/bit_ops_aeabi.S.o
 .preinit_array.00300
                0x10001924        0x4 CMakeFiles/build.dir/home/mdlos/.pico-sdk/sdk/2.1.0/src/rp2_common/pico_mem_ops/mem_ops_aeabi.S.o
 .preinit_array.00350
                0x10001928        0x4 CMakeFiles/build.dir/home/mdlos/.pico-sdk/sdk/2.1.0/src/rp2_common/pico_double/double_aeabi_rp2040.S.o
 .preinit_array.00350
                0x1000192c        0x4 CMakeFiles/build.dir/home/mdlos/.pico-sdk/sdk/2.1.0/src/rp2_common/pico_float/float_aeabi_rp2040.S.o
 .preinit_array.00500
                0x10001930        0x4 CMakeFiles/build.dir/home/mdlos/.pico-sdk/sdk/2.1.0/src/rp2_common/pico_runtime_init/runtime_init.c.o
                0x10001930                __pre_init_runtime_init_clocks
 .preinit_array.00600
                0x10001934        0x4 CMakeFiles/build.dir/home/mdlos/.pico-sdk/sdk/2.1.0/src/rp2_common/pico_runtime_init/runtime_init.c.o
                0x10001934                __pre_init_runtime_init_post_clock_resets
 .preinit_array.00700
                0x10001938        0x4 CMakeFiles/build.dir/home/mdlos/.pico-sdk/sdk/2.1.0/src/rp2_common/pico_runtime_init/runtime_init.c.o
                0x10001938                __pre_init_runtime_init_rp2040_gpio_ie_disable
 .preinit_array.01000
                0x1000193c        0x4 CMakeFiles/build.dir/home/mdlos/.pico-sdk/sdk/2.1.0/src/rp2_common/pico_runtime_init/runtime_init.c.o
                0x1000193c                __pre_init_runtime_init_spin_locks_reset
 .preinit_array.01100
                0x10001940        0x4 CMakeFiles/build.dir/home/mdlos/.pico-sdk/sdk/2.1.0/src/common/pico_sync/mutex.c.o
                0x10001940                __pre_init_runtime_init_mutex
 .preinit_array.10080
                0x10001944        0x4 CMakeFiles/build.dir/home/mdlos/.pico-sdk/sdk/2.1.0/src/rp2_common/pico_runtime_init/runtime_init.c.o
                0x10001944                __pre_init_runtime_init_install_ram_vector_table
 .preinit_array.11000
                0x10001948        0x4 CMakeFiles/build.dir/home/mdlos/.pico-sdk/sdk/2.1.0/src/common/pico_time/time.c.o
                0x10001948                __pre_init_runtime_init_default_alarm_pool
 .preinit_array.YYYYY
                0x1000194c        0x4 CMakeFiles/build.dir/home/mdlos/.pico-sdk/sdk/2.1.0/src/rp2_common/pico_runtime/runtime.c.o
                0x1000194c                __pre_init_first_per_core_initializer
 .preinit_array.ZZZZZ.01200
                0x10001950        0x4 CMakeFiles/build.dir/home/mdlos/.pico-sdk/sdk/2.1.0/src/rp2_common/hardware_irq/irq.c.o
                0x10001950                __pre_init_runtime_init_per_core_irq_priorities
 *(.preinit_array)
                0x10001954                        PROVIDE (__preinit_array_end = .)
                0x10001954                        . = ALIGN (0x4)
                0x10001954                        PROVIDE (__init_array_start = .)
 *(SORT_BY_NAME(.init_array.*))
 *(.init_array)
 .init_array    0x10001954        0x4 /home/mdlos/.pico-sdk/toolchain/13_3_Rel1/bin/../lib/gcc/arm-none-eabi/13.3.1/thumb/v6-m/nofp/crtbegin.o
                0x10001958                        PROVIDE (__init_array_end = .)
                0x10001958                        . = ALIGN (0x4)
                [!provide]                        PROVIDE (__fini_array_start = .)
 *(SORT_BY_NAME(.fini_array.*))
 *(.fini_array)
                [!provide]                        PROVIDE (__fini_array_end = .)
 *(.eh_frame*)
 .eh_frame      0x10001958        0x0 /home/mdlos/.pico-sdk/toolchain/13_3_Rel1/bin/../lib/gcc/arm-none-eabi/13.3.1/thumb/v6-m/nofp/crtbegin.o
                0x10001958                        . = ALIGN (0x4)

.glue_7         0x10001958        0x0
 .glue_7        0x10001958        0x0 linker stubs

.glue_7t        0x10001958        0x0
 .glue_7t       0x10001958        0x0 linker stubs

.vfp11_veneer   0x10001958        0x0
 .vfp11_veneer  0x10001958        0x0 linker stubs

.v4_bx          0x10001958        0x0
 .v4_bx         0x10001958        0x0 linker stubs

.iplt           0x10001958        0x0
 .iplt          0x10001958        0x0 /home/mdlos/.pico-sdk/toolchain/13_3_Rel1/bin/../lib/gcc/arm-none-eabi/13.3.1/thumb/v6-m/nofp/crtbegin.o

.rodata         0x10001958      0x104
 *(EXCLUDE_FILE(*libm.a: *libc.a:*lib_a-mem*.o *libgcc.a:) .rodata*)
 .rodata.panic.str1.4
                0x10001958       0xa0 CMakeFiles/build.dir/home/mdlos/.pico-sdk/sdk/2.1.0/src/rp2_common/pico_platform_panic/panic.c.o
                                 0x12 (size before relaxing)
 .rodata.timer_hardware_alarm_claim.str1.4
                0x100019f8       0x22 CMakeFiles/build.dir/home/mdlos/.pico-sdk/sdk/2.1.0/src/rp2_common/hardware_timer/timer.c.o
 .rodata.hard_assertion_failure.str1.4
                0x100019f8        0xc CMakeFiles/build.dir/home/mdlos/.pico-sdk/sdk/2.1.0/src/rp2_common/pico_runtime/runtime.c.o
 .rodata.missing_double_func_shim.str1.4
                0x100019f8       0x18 CMakeFiles/build.dir/home/mdlos/.pico-sdk/sdk/2.1.0/src/rp2_common/pico_double/double_init_rom_rp2040.c.o
 .rodata.missing_float_func_shim.str1.4
                0x100019f8        0x1 CMakeFiles/build.dir/home/mdlos/.pico-sdk/sdk/2.1.0/src/rp2_common/pico_float/float_init_rom_rp2040.c.o
 .rodata.str1.4
                0x100019f8       0x40 CMakeFiles/build.dir/home/mdlos/.pico-sdk/sdk/2.1.0/src/rp2_common/pico_standard_binary_info/standard_binary_info.c.o
 .rodata.__bi_84
                0x100019f8        0xc CMakeFiles/build.dir/home/mdlos/.pico-sdk/sdk/2.1.0/src/rp2_common/pico_standard_binary_info/standard_binary_info.c.o
 .rodata.__bi_78
                0x10001a04        0xc CMakeFiles/build.dir/home/mdlos/.pico-sdk/sdk/2.1.0/src/rp2_common/pico_standard_binary_info/standard_binary_info.c.o
 .rodata.__bi_60
                0x10001a10        0xc CMakeFiles/build.dir/home/mdlos/.pico-sdk/sdk/2.1.0/src/rp2_common/pico_standard_binary_info/standard_binary_info.c.o
 .rodata.__bi_54
                0x10001a1c        0xc CMakeFiles/build.dir/home/mdlos/.pico-sdk/sdk/2.1.0/src/rp2_common/pico_standard_binary_info/standard_binary_info.c.o
 .rodata.__bi_48
                0x10001a28        0xc CMakeFiles/build.dir/home/mdlos/.pico-sdk/sdk/2.1.0/src/rp2_common/pico_standard_binary_info/standard_binary_info.c.o
 .rodata.__bi_42
                0x10001a34        0xc CMakeFiles/build.dir/home/mdlos/.pico-sdk/sdk/2.1.0/src/rp2_common/pico_standard_binary_info/standard_binary_info.c.o
 .rodata.__bi_34
                0x10001a40        0xc CMakeFiles/build.dir/home/mdlos/.pico-sdk/sdk/2.1.0/src/rp2_common/pico_standard_binary_info/standard_binary_info.c.o
 .rodata.__bi_26
                0x10001a4c        0xc CMakeFiles/build.dir/home/mdlos/.pico-sdk/sdk/2.1.0/src/rp2_common/pico_standard_binary_info/standard_binary_info.c.o
 .rodata.crlf_str.0
                0x10001a58        0x2 CMakeFiles/build.dir/home/mdlos/.pico-sdk/sdk/2.1.0/src/rp2_common/pico_stdio/stdio.c.o
                0x10001a5c                        . = ALIGN (0x4)
 *fill*         0x10001a5a        0x2 
 *(SORT_BY_ALIGNMENT(SORT_BY_NAME(.flashdata*)))
                0x10001a5c                        . = ALIGN (0x4)

.ARM.extab
 *(.ARM.extab* .gnu.linkonce.armextab.*)
                0x10001a5c                        __exidx_start = .

.ARM.exidx
 *(.ARM.exidx* .gnu.linkonce.armexidx.*)
                0x10001a5c                        __exidx_end = .
                0x10001a5c                        . = ALIGN (0x4)
                0x10001a5c                        __binary_info_start = .

.binary_info    0x10001a5c       0x20
 *(.binary_info.keep.*)
 .binary_info.keep.__bi_ptr84
                0x10001a5c        0x4 CMakeFiles/build.dir/home/mdlos/.pico-sdk/sdk/2.1.0/src/rp2_common/pico_standard_binary_info/standard_binary_info.c.o
 .binary_info.keep.__bi_ptr78
                0x10001a60        0x4 CMakeFiles/build.dir/home/mdlos/.pico-sdk/sdk/2.1.0/src/rp2_common/pico_standard_binary_info/standard_binary_info.c.o
 .binary_info.keep.__bi_ptr60
                0x10001a64        0x4 CMakeFiles/build.dir/home/mdlos/.pico-sdk/sdk/2.1.0/src/rp2_common/pico_standard_binary_info/standard_binary_info.c.o
 .binary_info.keep.__bi_ptr54
                0x10001a68        0x4 CMakeFiles/build.dir/home/mdlos/.pico-sdk/sdk/2.1.0/src/rp2_common/pico_standard_binary_info/standard_binary_info.c.o
 .binary_info.keep.__bi_ptr48
                0x10001a6c        0x4 CMakeFiles/build.dir/home/mdlos/.pico-sdk/sdk/2.1.0/src/rp2_common/pico_standard_binary_info/standard_binary_info.c.o
 .binary_info.keep.__bi_ptr42
                0x10001a70        0x4 CMakeFiles/build.dir/home/mdlos/.pico-sdk/sdk/2.1.0/src/rp2_common/pico_standard_binary_info/standard_binary_info.c.o
 .binary_info.keep.__bi_ptr34
                0x10001a74        0x4 CMakeFiles/build.dir/home/mdlos/.pico-sdk/sdk/2.1.0/src/rp2_common/pico_standard_binary_info/standard_binary_info.c.o
 .binary_info.keep.__bi_ptr26
                0x10001a78        0x4 CMakeFiles/build.dir/home/mdlos/.pico-sdk/sdk/2.1.0/src/rp2_common/pico_standard_binary_info/standard_binary_info.c.o
 *(.binary_info.*)
                0x10001a7c                        __binary_info_end = .

.rel.dyn        0x10001a7c        0x0
 .rel.iplt      0x10001a7c        0x0 /home/mdlos/.pico-sdk/toolchain/13_3_Rel1/bin/../lib/gcc/arm-none-eabi/13.3.1/thumb/v6-m/nofp/crtbegin.o
                0x10001a7c                        . = ALIGN (0x4)

.ram_vector_table
                0x20000000       0xc0
 *(.ram_vector_table)
 .ram_vector_table
                0x20000000       0xc0 CMakeFiles/build.dir/home/mdlos/.pico-sdk/sdk/2.1.0/src/rp2_common/pico_runtime_init/runtime_init.c.o
                0x20000000                ram_vector_table

.uninitialized_data
                0x200000c0        0x0
                0x200000c0                        . = ALIGN (0x4)
 *(.uninitialized_data*)

.data           0x200000c0      0x128 load address 0x10001a7c
                0x200000c0                        __data_start__ = .
 *(vtable)
 *(.time_critical*)
 .time_critical.mutex_try_enter_block_until
                0x200000c0       0x9c CMakeFiles/build.dir/home/mdlos/.pico-sdk/sdk/2.1.0/src/common/pico_sync/mutex.c.o
                0x200000c0                mutex_try_enter_block_until
 .time_critical.mutex_exit
                0x2000015c       0x28 CMakeFiles/build.dir/home/mdlos/.pico-sdk/sdk/2.1.0/src/common/pico_sync/mutex.c.o
                0x2000015c                mutex_exit
 *(.text*)
 .text          0x20000184        0x4 /home/mdlos/.pico-sdk/toolchain/13_3_Rel1/bin/../lib/gcc/arm-none-eabi/13.3.1/thumb/v6-m/nofp/libgcc.a(_dvmd_tls.o)
                0x20000184                __aeabi_ldiv0
                0x20000184                __aeabi_idiv0
 .text.__stub   0x20000188       0x10 linker stubs
                0x20000198                        . = ALIGN (0x4)
 *(.rodata*)
                0x20000198                        . = ALIGN (0x4)
 *(.data*)
 .data.striped_spin_lock_num
                0x20000198        0x1 CMakeFiles/build.dir/home/mdlos/.pico-sdk/sdk/2.1.0/src/rp2_common/hardware_sync/sync.c.o
 *fill*         0x20000199        0x3 
 .data.default_alarm_pool
                0x2000019c       0x18 CMakeFiles/build.dir/home/mdlos/.pico-sdk/sdk/2.1.0/src/common/pico_time/time.c.o
 *fill*         0x200001b4        0xc 
 .data.aeabi_bits_funcs
                0x200001c0       0x10 CMakeFiles/build.dir/home/mdlos/.pico-sdk/sdk/2.1.0/src/rp2_common/pico_bit_ops/bit_ops_aeabi.S.o
                0x200001c0                aeabi_bits_funcs
                0x200001d0                aeabi_bits_funcs_end
 .data.aeabi_mem_funcs
                0x200001d0       0x10 CMakeFiles/build.dir/home/mdlos/.pico-sdk/sdk/2.1.0/src/rp2_common/pico_mem_ops/mem_ops_aeabi.S.o
                0x200001d0                aeabi_mem_funcs
                0x200001e0                aeabi_mem_funcs_end
                0x200001e0                        . = ALIGN (0x4)
 *(.after_data.*)
                0x200001e0                        . = ALIGN (0x4)
                0x200001e0                        PROVIDE (__mutex_array_start = .)
 *(SORT_BY_NAME(.mutex_array.*))
 *(.mutex_array)
 .mutex_array   0x200001e0        0x8 CMakeFiles/build.dir/home/mdlos/.pico-sdk/sdk/2.1.0/src/rp2_common/pico_stdio/stdio.c.o
                0x200001e8                        PROVIDE (__mutex_array_end = .)
                0x200001e8                        . = ALIGN (0x4)
 *(.jcr)
                0x200001e8                        . = ALIGN (0x4)

.tm_clone_table
                0x200001e8        0x0 load address 0x10001ba4
 .tm_clone_table
                0x200001e8        0x0 /home/mdlos/.pico-sdk/toolchain/13_3_Rel1/bin/../lib/gcc/arm-none-eabi/13.3.1/thumb/v6-m/nofp/crtbegin.o
 .tm_clone_table
                0x200001e8        0x0 /home/mdlos/.pico-sdk/toolchain/13_3_Rel1/bin/../lib/gcc/arm-none-eabi/13.3.1/thumb/v6-m/nofp/crtend.o

.igot.plt       0x200001e8        0x0 load address 0x10001ba4
 .igot.plt      0x200001e8        0x0 /home/mdlos/.pico-sdk/toolchain/13_3_Rel1/bin/../lib/gcc/arm-none-eabi/13.3.1/thumb/v6-m/nofp/crtbegin.o

.tdata          0x200001e8        0x0 load address 0x10001ba4
                0x200001e8                        . = ALIGN (0x4)
 *(.tdata .tdata.* .gnu.linkonce.td.*)
                0x200001e8                        __tdata_end = .
                0x200001e8                        PROVIDE (__data_end__ = .)
                0x10001a7c                        __etext = LOADADDR (.data)

.tbss           0x200001e8        0x0 load address 0x10001ba4
                0x200001e8                        . = ALIGN (0x4)
                0x200001e8                        __bss_start__ = .
                0x200001e8                        __tls_base = .
 *(.tbss .tbss.* .gnu.linkonce.tb.*)
 *(.tcommon)
                0x200001e8                        __tls_end = .

.bss            0x200001e8      0x3f4 load address 0x10001ba4
                0x200001e8                        . = ALIGN (0x4)
                0x200001e8                        __tbss_end = .
 *(SORT_BY_ALIGNMENT(SORT_BY_NAME(.bss*)))
 .bss.default_alarm_pool_entries
                0x200001e8      0x180 CMakeFiles/build.dir/home/mdlos/.pico-sdk/sdk/2.1.0/src/common/pico_time/time.c.o
 .bss.sd_table  0x20000368      0x100 CMakeFiles/build.dir/home/mdlos/.pico-sdk/sdk/2.1.0/src/rp2_common/pico_double/double_init_rom_rp2040.c.o
                0x20000368                sd_table
 .bss.ultimo_tempo_botao
                0x20000468        0x8 CMakeFiles/build.dir/build.c.o
 .bss.claimed   0x20000470        0x1 CMakeFiles/build.dir/home/mdlos/.pico-sdk/sdk/2.1.0/src/rp2_common/hardware_timer/timer.c.o
 *fill*         0x20000471        0x3 
 .bss.configured_freq
                0x20000474       0x28 CMakeFiles/build.dir/home/mdlos/.pico-sdk/sdk/2.1.0/src/rp2_common/hardware_clocks/clocks.c.o
 .bss.drivers   0x2000049c        0x4 CMakeFiles/build.dir/home/mdlos/.pico-sdk/sdk/2.1.0/src/rp2_common/pico_stdio/stdio.c.o
 .bss.filter    0x200004a0        0x4 CMakeFiles/build.dir/home/mdlos/.pico-sdk/sdk/2.1.0/src/rp2_common/pico_stdio/stdio.c.o
 .bss.lazy_vsnprintf
                0x200004a4        0x4 CMakeFiles/build.dir/home/mdlos/.pico-sdk/sdk/2.1.0/src/rp2_common/pico_printf/printf.c.o
 .bss.object.0  0x200004a8       0x18 /home/mdlos/.pico-sdk/toolchain/13_3_Rel1/bin/../lib/gcc/arm-none-eabi/13.3.1/thumb/v6-m/nofp/crtbegin.o
 .bss.pools     0x200004c0       0x10 CMakeFiles/build.dir/home/mdlos/.pico-sdk/sdk/2.1.0/src/common/pico_time/time.c.o
 .bss.sf_clz_func
                0x200004d0        0x4 CMakeFiles/build.dir/home/mdlos/.pico-sdk/sdk/2.1.0/src/rp2_common/pico_double/double_init_rom_rp2040.c.o
                0x200004d0                sf_clz_func
 .bss.sf_table  0x200004d4      0x100 CMakeFiles/build.dir/home/mdlos/.pico-sdk/sdk/2.1.0/src/rp2_common/pico_float/float_init_rom_rp2040.c.o
                0x200004d4                sf_table
 .bss.sleep_notifier
                0x200005d4        0x4 CMakeFiles/build.dir/home/mdlos/.pico-sdk/sdk/2.1.0/src/common/pico_time/time.c.o
 .bss.estado_atual
                0x200005d8        0x1 CMakeFiles/build.dir/build.c.o
 .bss.timer_ativo
                0x200005d9        0x1 CMakeFiles/build.dir/build.c.o
 *(COMMON)
                0x200005dc                        . = ALIGN (0x4)
 *fill*         0x200005da        0x2 
                0x200005dc                        __bss_end__ = .

.heap           0x200005dc      0x800 load address 0x10001ba4
                0x200005dc                        __end__ = .
                0x200005dc                        end = __end__
 *(.heap*)
 .heap          0x200005dc      0x800 CMakeFiles/build.dir/home/mdlos/.pico-sdk/sdk/2.1.0/src/rp2_common/pico_crt0/crt0.S.o
                0x20040000                        __HeapLimit = (ORIGIN (RAM) + LENGTH (RAM))

.scratch_x      0x20040000        0x0 load address 0x10001ba4
                0x20040000                        __scratch_x_start__ = .
 *(.scratch_x.*)
                0x20040000                        . = ALIGN (0x4)
                0x20040000                        __scratch_x_end__ = .
                0x10001ba4                        __scratch_x_source__ = LOADADDR (.scratch_x)

.scratch_y      0x20041000        0x0 load address 0x10001ba4
                0x20041000                        __scratch_y_start__ = .
 *(.scratch_y.*)
                0x20041000                        . = ALIGN (0x4)
                0x20041000                        __scratch_y_end__ = .
                0x10001ba4                        __scratch_y_source__ = LOADADDR (.scratch_y)

.stack1_dummy
 *(.stack1*)

.stack_dummy    0x20041000      0x800
 *(.stack*)
 .stack         0x20041000      0x800 CMakeFiles/build.dir/home/mdlos/.pico-sdk/sdk/2.1.0/src/rp2_common/pico_crt0/crt0.S.o

.flash_end      0x10001ba4        0x0
 *(.embedded_end_block*)
                0x10001ba4                        PROVIDE (__flash_binary_end = .)
                0x20040000                        __StackLimit = (ORIGIN (RAM) + LENGTH (RAM))
                0x20041000                        __StackOneTop = (ORIGIN (SCRATCH_X) + LENGTH (SCRATCH_X))
                0x20042000                        __StackTop = (ORIGIN (SCRATCH_Y) + LENGTH (SCRATCH_Y))
                0x20041000                        __StackOneBottom = (__StackOneTop - SIZEOF (.stack1_dummy))
                0x20041800                        __StackBottom = (__StackTop - SIZEOF (.stack_dummy))
                0x20042000                        PROVIDE (__stack = __StackTop)
                [!provide]                        PROVIDE (__heap_start = __end__)
                [!provide]                        PROVIDE (__heap_end = __HeapLimit)
                [!provide]                        PROVIDE (__tls_align = MAX (ALIGNOF (.tdata), ALIGNOF (.tbss)))
                [!provide]                        PROVIDE (__tls_size_align = (((__tls_size + __tls_align) - 0x1) & ~ ((__tls_align - 0x1))))
                [!provide]                        PROVIDE (__arm32_tls_tcb_offset = MAX (0x8, __tls_align))
                [!provide]                        PROVIDE (_end = __end__)
                [!provide]                        PROVIDE (__llvm_libc_heap_limit = __HeapLimit)
                0x00000001                        ASSERT ((__StackLimit >= __HeapLimit), region RAM overflowed)
                0x00000001                        ASSERT (((__binary_info_header_end - __logical_binary_start) <= 0x100), Binary info must be in first 256 bytes of the binary)
LOAD CMakeFiles/build.dir/build.c.o
LOAD CMakeFiles/build.dir/home/mdlos/.pico-sdk/sdk/2.1.0/src/rp2_common/pico_stdlib/stdlib.c.o
LOAD CMakeFiles/build.dir/home/mdlos/.pico-sdk/sdk/2.1.0/src/rp2_common/hardware_gpio/gpio.c.o
LOAD CMakeFiles/build.dir/home/mdlos/.pico-sdk/sdk/2.1.0/src/rp2040/pico_platform/platform.c.o
LOAD CMakeFiles/build.dir/home/mdlos/.pico-sdk/sdk/2.1.0/src/rp2_common/pico_platform_panic/panic.c.o
LOAD CMakeFiles/build.dir/home/mdlos/.pico-sdk/sdk/2.1.0/src/common/hardware_claim/claim.c.o
LOAD CMakeFiles/build.dir/home/mdlos/.pico-sdk/sdk/2.1.0/src/rp2_common/hardware_sync/sync.c.o
LOAD CMakeFiles/build.dir/home/mdlos/.pico-sdk/sdk/2.1.0/src/rp2_common/hardware_sync_spin_lock/sync_spin_lock.c.o
LOAD CMakeFiles/build.dir/home/mdlos/.pico-sdk/sdk/2.1.0/src/rp2_common/hardware_irq/irq.c.o
LOAD CMakeFiles/build.dir/home/mdlos/.pico-sdk/sdk/2.1.0/src/rp2_common/hardware_irq/irq_handler_chain.S.o
LOAD CMakeFiles/build.dir/home/mdlos/.pico-sdk/sdk/2.1.0/src/common/pico_sync/sem.c.o
LOAD CMakeFiles/build.dir/home/mdlos/.pico-sdk/sdk/2.1.0/src/common/pico_sync/lock_core.c.o
LOAD CMakeFiles/build.dir/home/mdlos/.pico-sdk/sdk/2.1.0/src/common/pico_sync/mutex.c.o
LOAD CMakeFiles/build.dir/home/mdlos/.pico-sdk/sdk/2.1.0/src/common/pico_sync/critical_section.c.o
LOAD CMakeFiles/build.dir/home/mdlos/.pico-sdk/sdk/2.1.0/src/common/pico_time/time.c.o
LOAD CMakeFiles/build.dir/home/mdlos/.pico-sdk/sdk/2.1.0/src/common/pico_time/timeout_helper.c.o
LOAD CMakeFiles/build.dir/home/mdlos/.pico-sdk/sdk/2.1.0/src/rp2_common/hardware_timer/timer.c.o
LOAD CMakeFiles/build.dir/home/mdlos/.pico-sdk/sdk/2.1.0/src/common/pico_util/datetime.c.o
LOAD CMakeFiles/build.dir/home/mdlos/.pico-sdk/sdk/2.1.0/src/common/pico_util/pheap.c.o
LOAD CMakeFiles/build.dir/home/mdlos/.pico-sdk/sdk/2.1.0/src/common/pico_util/queue.c.o
LOAD CMakeFiles/build.dir/home/mdlos/.pico-sdk/sdk/2.1.0/src/rp2_common/hardware_uart/uart.c.o
LOAD CMakeFiles/build.dir/home/mdlos/.pico-sdk/sdk/2.1.0/src/rp2_common/hardware_clocks/clocks.c.o
LOAD CMakeFiles/build.dir/home/mdlos/.pico-sdk/sdk/2.1.0/src/rp2_common/hardware_pll/pll.c.o
LOAD CMakeFiles/build.dir/home/mdlos/.pico-sdk/sdk/2.1.0/src/rp2_common/hardware_vreg/vreg.c.o
LOAD CMakeFiles/build.dir/home/mdlos/.pico-sdk/sdk/2.1.0/src/rp2_common/hardware_watchdog/watchdog.c.o
LOAD CMakeFiles/build.dir/home/mdlos/.pico-sdk/sdk/2.1.0/src/rp2_common/hardware_ticks/ticks.c.o
LOAD CMakeFiles/build.dir/home/mdlos/.pico-sdk/sdk/2.1.0/src/rp2_common/pico_bootrom/bootrom.c.o
LOAD CMakeFiles/build.dir/home/mdlos/.pico-sdk/sdk/2.1.0/src/rp2_common/pico_bootrom/bootrom_lock.c.o
LOAD CMakeFiles/build.dir/home/mdlos/.pico-sdk/sdk/2.1.0/src/rp2_common/hardware_boot_lock/boot_lock.c.o
LOAD CMakeFiles/build.dir/home/mdlos/.pico-sdk/sdk/2.1.0/src/rp2_common/pico_flash/flash.c.o
LOAD CMakeFiles/build.dir/home/mdlos/.pico-sdk/sdk/2.1.0/src/rp2_common/hardware_xosc/xosc.c.o
LOAD CMakeFiles/build.dir/home/mdlos/.pico-sdk/sdk/2.1.0/src/rp2_common/hardware_divider/divider.S.o
LOAD CMakeFiles/build.dir/home/mdlos/.pico-sdk/sdk/2.1.0/src/rp2_common/pico_runtime/runtime.c.o
LOAD CMakeFiles/build.dir/home/mdlos/.pico-sdk/sdk/2.1.0/src/rp2_common/pico_runtime_init/runtime_init.c.o
LOAD CMakeFiles/build.dir/home/mdlos/.pico-sdk/sdk/2.1.0/src/rp2_common/pico_runtime_init/runtime_init_clocks.c.o
LOAD CMakeFiles/build.dir/home/mdlos/.pico-sdk/sdk/2.1.0/src/rp2_common/pico_runtime_init/runtime_init_stack_guard.c.o
LOAD CMakeFiles/build.dir/home/mdlos/.pico-sdk/sdk/2.1.0/src/rp2_common/pico_bit_ops/bit_ops_aeabi.S.o
LOAD CMakeFiles/build.dir/home/mdlos/.pico-sdk/sdk/2.1.0/src/rp2_common/pico_divider/divider_hardware.S.o
LOAD CMakeFiles/build.dir/home/mdlos/.pico-sdk/sdk/2.1.0/src/rp2_common/pico_double/double_aeabi_rp2040.S.o
LOAD CMakeFiles/build.dir/home/mdlos/.pico-sdk/sdk/2.1.0/src/rp2_common/pico_double/double_init_rom_rp2040.c.o
LOAD CMakeFiles/build.dir/home/mdlos/.pico-sdk/sdk/2.1.0/src/rp2_common/pico_double/double_math.c.o
LOAD CMakeFiles/build.dir/home/mdlos/.pico-sdk/sdk/2.1.0/src/rp2_common/pico_double/double_v1_rom_shim_rp2040.S.o
LOAD CMakeFiles/build.dir/home/mdlos/.pico-sdk/sdk/2.1.0/src/rp2_common/pico_int64_ops/pico_int64_ops_aeabi.S.o
LOAD CMakeFiles/build.dir/home/mdlos/.pico-sdk/sdk/2.1.0/src/rp2_common/pico_float/float_aeabi_rp2040.S.o
LOAD CMakeFiles/build.dir/home/mdlos/.pico-sdk/sdk/2.1.0/src/rp2_common/pico_float/float_init_rom_rp2040.c.o
LOAD CMakeFiles/build.dir/home/mdlos/.pico-sdk/sdk/2.1.0/src/rp2_common/pico_float/float_math.c.o
LOAD CMakeFiles/build.dir/home/mdlos/.pico-sdk/sdk/2.1.0/src/rp2_common/pico_float/float_v1_rom_shim_rp2040.S.o
LOAD CMakeFiles/build.dir/home/mdlos/.pico-sdk/sdk/2.1.0/src/rp2_common/pico_malloc/malloc.c.o
LOAD CMakeFiles/build.dir/home/mdlos/.pico-sdk/sdk/2.1.0/src/rp2_common/pico_mem_ops/mem_ops_aeabi.S.o
LOAD CMakeFiles/build.dir/home/mdlos/.pico-sdk/sdk/2.1.0/src/rp2_common/pico_atomic/atomic.c.o
LOAD CMakeFiles/build.dir/home/mdlos/.pico-sdk/sdk/2.1.0/src/rp2_common/pico_cxx_options/new_delete.cpp.o
LOAD CMakeFiles/build.dir/home/mdlos/.pico-sdk/sdk/2.1.0/src/rp2_common/pico_standard_binary_info/standard_binary_info.c.o
LOAD CMakeFiles/build.dir/home/mdlos/.pico-sdk/sdk/2.1.0/src/rp2_common/pico_printf/printf.c.o
LOAD CMakeFiles/build.dir/home/mdlos/.pico-sdk/sdk/2.1.0/src/rp2_common/pico_crt0/crt0.S.o
LOAD CMakeFiles/build.dir/home/mdlos/.pico-sdk/sdk/2.1.0/src/rp2_common/pico_clib_interface/newlib_interface.c.o
LOAD CMakeFiles/build.dir/home/mdlos/.pico-sdk/sdk/2.1.0/src/rp2_common/pico_stdio/stdio.c.o
LOAD pico-sdk/src/rp2040/boot_stage2/CMakeFiles/bs2_default_library.dir/bs2_default_padded_checksummed.S.o
LOAD /home/mdlos/.pico-sdk/toolchain/13_3_Rel1/bin/../lib/gcc/arm-none-eabi/13.3.1/../../../../arm-none-eabi/lib/thumb/v6-m/nofp/libstdc++.a
LOAD /home/mdlos/.pico-sdk/toolchain/13_3_Rel1/bin/../lib/gcc/arm-none-eabi/13.3.1/../../../../arm-none-eabi/lib/thumb/v6-m/nofp/libm.a
START GROUP
LOAD /home/mdlos/.pico-sdk/toolchain/13_3_Rel1/bin/../lib/gcc/arm-none-eabi/13.3.1/thumb/v6-m/nofp/libgcc.a
LOAD /home/mdlos/.pico-sdk/toolchain/13_3_Rel1/bin/../lib/gcc/arm-none-eabi/13.3.1/../../../../arm-none-eabi/lib/thumb/v6-m/nofp/libg.a
LOAD /home/mdlos/.pico-sdk/toolchain/13_3_Rel1/bin/../lib/gcc/arm-none-eabi/13.3.1/../../../../arm-none-eabi/lib/thumb/v6-m/nofp/libc.a
END GROUP
START GROUP
LOAD /home/mdlos/.pico-sdk/toolchain/13_3_Rel1/bin/../lib/gcc/arm-none-eabi/13.3.1/thumb/v6-m/nofp/libgcc.a
LOAD /home/mdlos/.pico-sdk/toolchain/13_3_Rel1/bin/../lib/gcc/arm-none-eabi/13.3.1/../../../../arm-none-eabi/lib/thumb/v6-m/nofp/libc.a
LOAD /home/mdlos/.pico-sdk/toolchain/13_3_Rel1/bin/../lib/gcc/arm-none-eabi/13.3.1/../../../../arm-none-eabi/lib/thumb/v6-m/nofp/libnosys.a
END GROUP
LOAD /home/mdlos/.pico-sdk/toolchain/13_3_Rel1/bin/../lib/gcc/arm-none-eabi/13.3.1/thumb/v6-m/nofp/crtend.o
LOAD /home/mdlos/.pico-sdk/toolchain/13_3_Rel1/bin/../lib/gcc/arm-none-eabi/13.3.1/thumb/v6-m/nofp/crtn.o
OUTPUT(build.elf elf32-littlearm)
LOAD linker stubs

.ARM.attributes
                0x00000000       0x28
 .ARM.attributes
                0x00000000       0x1e /home/mdlos/.pico-sdk/toolchain/13_3_Rel1/bin/../lib/gcc/arm-none-eabi/13.3.1/thumb/v6-m/nofp/crti.o
 .ARM.attributes
                0x0000001e       0x2c /home/mdlos/.pico-sdk/toolchain/13_3_Rel1/bin/../lib/gcc/arm-none-eabi/13.3.1/thumb/v6-m/nofp/crtbegin.o
 .ARM.attributes
                0x0000004a       0x2c CMakeFiles/build.dir/build.c.o
 .ARM.attributes
                0x00000076       0x2c CMakeFiles/build.dir/home/mdlos/.pico-sdk/sdk/2.1.0/src/rp2_common/hardware_gpio/gpio.c.o
 .ARM.attributes
                0x000000a2       0x2c CMakeFiles/build.dir/home/mdlos/.pico-sdk/sdk/2.1.0/src/rp2_common/pico_platform_panic/panic.c.o
 .ARM.attributes
                0x000000ce       0x2c CMakeFiles/build.dir/home/mdlos/.pico-sdk/sdk/2.1.0/src/common/hardware_claim/claim.c.o
 .ARM.attributes
                0x000000fa       0x2c CMakeFiles/build.dir/home/mdlos/.pico-sdk/sdk/2.1.0/src/rp2_common/hardware_sync/sync.c.o
 .ARM.attributes
                0x00000126       0x2c CMakeFiles/build.dir/home/mdlos/.pico-sdk/sdk/2.1.0/src/rp2_common/hardware_sync_spin_lock/sync_spin_lock.c.o
 .ARM.attributes
                0x00000152       0x2c CMakeFiles/build.dir/home/mdlos/.pico-sdk/sdk/2.1.0/src/rp2_common/hardware_irq/irq.c.o
 .ARM.attributes
                0x0000017e       0x2c CMakeFiles/build.dir/home/mdlos/.pico-sdk/sdk/2.1.0/src/common/pico_sync/lock_core.c.o
 .ARM.attributes
                0x000001aa       0x2c CMakeFiles/build.dir/home/mdlos/.pico-sdk/sdk/2.1.0/src/common/pico_sync/mutex.c.o
 .ARM.attributes
                0x000001d6       0x2c CMakeFiles/build.dir/home/mdlos/.pico-sdk/sdk/2.1.0/src/common/pico_time/time.c.o
 .ARM.attributes
                0x00000202       0x2c CMakeFiles/build.dir/home/mdlos/.pico-sdk/sdk/2.1.0/src/rp2_common/hardware_timer/timer.c.o
 .ARM.attributes
                0x0000022e       0x2c CMakeFiles/build.dir/home/mdlos/.pico-sdk/sdk/2.1.0/src/rp2_common/hardware_clocks/clocks.c.o
 .ARM.attributes
                0x0000025a       0x2c CMakeFiles/build.dir/home/mdlos/.pico-sdk/sdk/2.1.0/src/rp2_common/hardware_pll/pll.c.o
 .ARM.attributes
                0x00000286       0x2c CMakeFiles/build.dir/home/mdlos/.pico-sdk/sdk/2.1.0/src/rp2_common/hardware_ticks/ticks.c.o
 .ARM.attributes
                0x000002b2       0x2c CMakeFiles/build.dir/home/mdlos/.pico-sdk/sdk/2.1.0/src/rp2_common/pico_bootrom/bootrom.c.o
 .ARM.attributes
                0x000002de       0x2c CMakeFiles/build.dir/home/mdlos/.pico-sdk/sdk/2.1.0/src/rp2_common/hardware_xosc/xosc.c.o
 .ARM.attributes
                0x0000030a       0x2c CMakeFiles/build.dir/home/mdlos/.pico-sdk/sdk/2.1.0/src/rp2_common/pico_runtime/runtime.c.o
 .ARM.attributes
                0x00000336       0x2c CMakeFiles/build.dir/home/mdlos/.pico-sdk/sdk/2.1.0/src/rp2_common/pico_runtime_init/runtime_init.c.o
 .ARM.attributes
                0x00000362       0x2c CMakeFiles/build.dir/home/mdlos/.pico-sdk/sdk/2.1.0/src/rp2_common/pico_runtime_init/runtime_init_clocks.c.o
 .ARM.attributes
                0x0000038e       0x22 CMakeFiles/build.dir/home/mdlos/.pico-sdk/sdk/2.1.0/src/rp2_common/pico_bit_ops/bit_ops_aeabi.S.o
 .ARM.attributes
                0x000003b0       0x22 CMakeFiles/build.dir/home/mdlos/.pico-sdk/sdk/2.1.0/src/rp2_common/pico_divider/divider_hardware.S.o
 .ARM.attributes
                0x000003d2       0x22 CMakeFiles/build.dir/home/mdlos/.pico-sdk/sdk/2.1.0/src/rp2_common/pico_double/double_aeabi_rp2040.S.o
 .ARM.attributes
                0x000003f4       0x2c CMakeFiles/build.dir/home/mdlos/.pico-sdk/sdk/2.1.0/src/rp2_common/pico_double/double_init_rom_rp2040.c.o
 .ARM.attributes
                0x00000420       0x22 CMakeFiles/build.dir/home/mdlos/.pico-sdk/sdk/2.1.0/src/rp2_common/pico_double/double_v1_rom_shim_rp2040.S.o
 .ARM.attributes
                0x00000442       0x22 CMakeFiles/build.dir/home/mdlos/.pico-sdk/sdk/2.1.0/src/rp2_common/pico_int64_ops/pico_int64_ops_aeabi.S.o
 .ARM.attributes
                0x00000464       0x22 CMakeFiles/build.dir/home/mdlos/.pico-sdk/sdk/2.1.0/src/rp2_common/pico_float/float_aeabi_rp2040.S.o
 .ARM.attributes
                0x00000486       0x2c CMakeFiles/build.dir/home/mdlos/.pico-sdk/sdk/2.1.0/src/rp2_common/pico_float/float_init_rom_rp2040.c.o
 .ARM.attributes
                0x000004b2       0x22 CMakeFiles/build.dir/home/mdlos/.pico-sdk/sdk/2.1.0/src/rp2_common/pico_mem_ops/mem_ops_aeabi.S.o
 .ARM.attributes
                0x000004d4       0x2c CMakeFiles/build.dir/home/mdlos/.pico-sdk/sdk/2.1.0/src/rp2_common/pico_standard_binary_info/standard_binary_info.c.o
 .ARM.attributes
                0x00000500       0x2c CMakeFiles/build.dir/home/mdlos/.pico-sdk/sdk/2.1.0/src/rp2_common/pico_printf/printf.c.o
 .ARM.attributes
                0x0000052c       0x22 CMakeFiles/build.dir/home/mdlos/.pico-sdk/sdk/2.1.0/src/rp2_common/pico_crt0/crt0.S.o
 .ARM.attributes
                0x0000054e       0x2c CMakeFiles/build.dir/home/mdlos/.pico-sdk/sdk/2.1.0/src/rp2_common/pico_clib_interface/newlib_interface.c.o
 .ARM.attributes
                0x0000057a       0x2c CMakeFiles/build.dir/home/mdlos/.pico-sdk/sdk/2.1.0/src/rp2_common/pico_stdio/stdio.c.o
 .ARM.attributes
                0x000005a6       0x22 pico-sdk/src/rp2040/boot_stage2/CMakeFiles/bs2_default_library.dir/bs2_default_padded_checksummed.S.o
 .ARM.attributes
                0x000005c8       0x1e /home/mdlos/.pico-sdk/toolchain/13_3_Rel1/bin/../lib/gcc/arm-none-eabi/13.3.1/thumb/v6-m/nofp/libgcc.a(_dvmd_tls.o)
 .ARM.attributes
                0x000005e6       0x2c /home/mdlos/.pico-sdk/toolchain/13_3_Rel1/bin/../lib/gcc/arm-none-eabi/13.3.1/../../../../arm-none-eabi/lib/thumb/v6-m/nofp/libg.a(libc_a-strlen-stub.o)
 .ARM.attributes
                0x00000612       0x2c /home/mdlos/.pico-sdk/toolchain/13_3_Rel1/bin/../lib/gcc/arm-none-eabi/13.3.1/thumb/v6-m/nofp/crtend.o

.comment        0x00000000       0x45
 .comment       0x00000000       0x45 CMakeFiles/build.dir/build.c.o
                                 0x46 (size before relaxing)
 .comment       0x00000045       0x46 CMakeFiles/build.dir/home/mdlos/.pico-sdk/sdk/2.1.0/src/rp2_common/hardware_gpio/gpio.c.o
 .comment       0x00000045       0x46 CMakeFiles/build.dir/home/mdlos/.pico-sdk/sdk/2.1.0/src/rp2_common/pico_platform_panic/panic.c.o
 .comment       0x00000045       0x46 CMakeFiles/build.dir/home/mdlos/.pico-sdk/sdk/2.1.0/src/common/hardware_claim/claim.c.o
 .comment       0x00000045       0x46 CMakeFiles/build.dir/home/mdlos/.pico-sdk/sdk/2.1.0/src/rp2_common/hardware_sync/sync.c.o
 .comment       0x00000045       0x46 CMakeFiles/build.dir/home/mdlos/.pico-sdk/sdk/2.1.0/src/rp2_common/hardware_sync_spin_lock/sync_spin_lock.c.o
 .comment       0x00000045       0x46 CMakeFiles/build.dir/home/mdlos/.pico-sdk/sdk/2.1.0/src/rp2_common/hardware_irq/irq.c.o
 .comment       0x00000045       0x46 CMakeFiles/build.dir/home/mdlos/.pico-sdk/sdk/2.1.0/src/common/pico_sync/lock_core.c.o
 .comment       0x00000045       0x46 CMakeFiles/build.dir/home/mdlos/.pico-sdk/sdk/2.1.0/src/common/pico_sync/mutex.c.o
 .comment       0x00000045       0x46 CMakeFiles/build.dir/home/mdlos/.pico-sdk/sdk/2.1.0/src/common/pico_time/time.c.o
 .comment       0x00000045       0x46 CMakeFiles/build.dir/home/mdlos/.pico-sdk/sdk/2.1.0/src/rp2_common/hardware_timer/timer.c.o
 .comment       0x00000045       0x46 CMakeFiles/build.dir/home/mdlos/.pico-sdk/sdk/2.1.0/src/rp2_common/hardware_clocks/clocks.c.o
 .comment       0x00000045       0x46 CMakeFiles/build.dir/home/mdlos/.pico-sdk/sdk/2.1.0/src/rp2_common/hardware_pll/pll.c.o
 .comment       0x00000045       0x46 CMakeFiles/build.dir/home/mdlos/.pico-sdk/sdk/2.1.0/src/rp2_common/hardware_ticks/ticks.c.o
 .comment       0x00000045       0x46 CMakeFiles/build.dir/home/mdlos/.pico-sdk/sdk/2.1.0/src/rp2_common/pico_bootrom/bootrom.c.o
 .comment       0x00000045       0x46 CMakeFiles/build.dir/home/mdlos/.pico-sdk/sdk/2.1.0/src/rp2_common/hardware_xosc/xosc.c.o
 .comment       0x00000045       0x46 CMakeFiles/build.dir/home/mdlos/.pico-sdk/sdk/2.1.0/src/rp2_common/pico_runtime/runtime.c.o
 .comment       0x00000045       0x46 CMakeFiles/build.dir/home/mdlos/.pico-sdk/sdk/2.1.0/src/rp2_common/pico_runtime_init/runtime_init.c.o
 .comment       0x00000045       0x46 CMakeFiles/build.dir/home/mdlos/.pico-sdk/sdk/2.1.0/src/rp2_common/pico_runtime_init/runtime_init_clocks.c.o
 .comment       0x00000045       0x46 CMakeFiles/build.dir/home/mdlos/.pico-sdk/sdk/2.1.0/src/rp2_common/pico_double/double_init_rom_rp2040.c.o
 .comment       0x00000045       0x46 CMakeFiles/build.dir/home/mdlos/.pico-sdk/sdk/2.1.0/src/rp2_common/pico_float/float_init_rom_rp2040.c.o
 .comment       0x00000045       0x46 CMakeFiles/build.dir/home/mdlos/.pico-sdk/sdk/2.1.0/src/rp2_common/pico_standard_binary_info/standard_binary_info.c.o
 .comment       0x00000045       0x46 CMakeFiles/build.dir/home/mdlos/.pico-sdk/sdk/2.1.0/src/rp2_common/pico_printf/printf.c.o
 .comment       0x00000045       0x46 CMakeFiles/build.dir/home/mdlos/.pico-sdk/sdk/2.1.0/src/rp2_common/pico_clib_interface/newlib_interface.c.o
 .comment       0x00000045       0x46 CMakeFiles/build.dir/home/mdlos/.pico-sdk/sdk/2.1.0/src/rp2_common/pico_stdio/stdio.c.o

.debug_info     0x00000000    0x1a797
 .debug_info    0x00000000     0x17e1 CMakeFiles/build.dir/build.c.o
 .debug_info    0x000017e1     0x2437 CMakeFiles/build.dir/home/mdlos/.pico-sdk/sdk/2.1.0/src/rp2_common/hardware_gpio/gpio.c.o
 .debug_info    0x00003c18      0x1bf CMakeFiles/build.dir/home/mdlos/.pico-sdk/sdk/2.1.0/src/rp2_common/pico_platform_panic/panic.c.o
 .debug_info    0x00003dd7      0x995 CMakeFiles/build.dir/home/mdlos/.pico-sdk/sdk/2.1.0/src/common/hardware_claim/claim.c.o
 .debug_info    0x0000476c      0x458 CMakeFiles/build.dir/home/mdlos/.pico-sdk/sdk/2.1.0/src/rp2_common/hardware_sync/sync.c.o
 .debug_info    0x00004bc4      0x245 CMakeFiles/build.dir/home/mdlos/.pico-sdk/sdk/2.1.0/src/rp2_common/hardware_sync_spin_lock/sync_spin_lock.c.o
 .debug_info    0x00004e09     0x21a8 CMakeFiles/build.dir/home/mdlos/.pico-sdk/sdk/2.1.0/src/rp2_common/hardware_irq/irq.c.o
 .debug_info    0x00006fb1      0x15f CMakeFiles/build.dir/home/mdlos/.pico-sdk/sdk/2.1.0/src/common/pico_sync/lock_core.c.o
 .debug_info    0x00007110     0x2803 CMakeFiles/build.dir/home/mdlos/.pico-sdk/sdk/2.1.0/src/common/pico_sync/mutex.c.o
 .debug_info    0x00009913     0x485e CMakeFiles/build.dir/home/mdlos/.pico-sdk/sdk/2.1.0/src/common/pico_time/time.c.o
 .debug_info    0x0000e171     0x2b11 CMakeFiles/build.dir/home/mdlos/.pico-sdk/sdk/2.1.0/src/rp2_common/hardware_timer/timer.c.o
 .debug_info    0x00010c82     0x2935 CMakeFiles/build.dir/home/mdlos/.pico-sdk/sdk/2.1.0/src/rp2_common/hardware_clocks/clocks.c.o
 .debug_info    0x000135b7      0x4e5 CMakeFiles/build.dir/home/mdlos/.pico-sdk/sdk/2.1.0/src/rp2_common/hardware_pll/pll.c.o
 .debug_info    0x00013a9c      0x248 CMakeFiles/build.dir/home/mdlos/.pico-sdk/sdk/2.1.0/src/rp2_common/hardware_ticks/ticks.c.o
 .debug_info    0x00013ce4      0x633 CMakeFiles/build.dir/home/mdlos/.pico-sdk/sdk/2.1.0/src/rp2_common/pico_bootrom/bootrom.c.o
 .debug_info    0x00014317      0x1cc CMakeFiles/build.dir/home/mdlos/.pico-sdk/sdk/2.1.0/src/rp2_common/hardware_xosc/xosc.c.o
 .debug_info    0x000144e3      0x21a CMakeFiles/build.dir/home/mdlos/.pico-sdk/sdk/2.1.0/src/rp2_common/pico_runtime/runtime.c.o
 .debug_info    0x000146fd      0x795 CMakeFiles/build.dir/home/mdlos/.pico-sdk/sdk/2.1.0/src/rp2_common/pico_runtime_init/runtime_init.c.o
 .debug_info    0x00014e92      0x780 CMakeFiles/build.dir/home/mdlos/.pico-sdk/sdk/2.1.0/src/rp2_common/pico_runtime_init/runtime_init_clocks.c.o
 .debug_info    0x00015612       0x23 CMakeFiles/build.dir/home/mdlos/.pico-sdk/sdk/2.1.0/src/rp2_common/pico_bit_ops/bit_ops_aeabi.S.o
 .debug_info    0x00015635       0x23 CMakeFiles/build.dir/home/mdlos/.pico-sdk/sdk/2.1.0/src/rp2_common/pico_divider/divider_hardware.S.o
 .debug_info    0x00015658       0x23 CMakeFiles/build.dir/home/mdlos/.pico-sdk/sdk/2.1.0/src/rp2_common/pico_double/double_aeabi_rp2040.S.o
 .debug_info    0x0001567b      0x2d0 CMakeFiles/build.dir/home/mdlos/.pico-sdk/sdk/2.1.0/src/rp2_common/pico_double/double_init_rom_rp2040.c.o
 .debug_info    0x0001594b       0x24 CMakeFiles/build.dir/home/mdlos/.pico-sdk/sdk/2.1.0/src/rp2_common/pico_double/double_v1_rom_shim_rp2040.S.o
 .debug_info    0x0001596f       0x24 CMakeFiles/build.dir/home/mdlos/.pico-sdk/sdk/2.1.0/src/rp2_common/pico_int64_ops/pico_int64_ops_aeabi.S.o
 .debug_info    0x00015993       0x23 CMakeFiles/build.dir/home/mdlos/.pico-sdk/sdk/2.1.0/src/rp2_common/pico_float/float_aeabi_rp2040.S.o
 .debug_info    0x000159b6      0x2bc CMakeFiles/build.dir/home/mdlos/.pico-sdk/sdk/2.1.0/src/rp2_common/pico_float/float_init_rom_rp2040.c.o
 .debug_info    0x00015c72       0x23 CMakeFiles/build.dir/home/mdlos/.pico-sdk/sdk/2.1.0/src/rp2_common/pico_mem_ops/mem_ops_aeabi.S.o
 .debug_info    0x00015c95      0x2e2 CMakeFiles/build.dir/home/mdlos/.pico-sdk/sdk/2.1.0/src/rp2_common/pico_standard_binary_info/standard_binary_info.c.o
 .debug_info    0x00015f77     0x211a CMakeFiles/build.dir/home/mdlos/.pico-sdk/sdk/2.1.0/src/rp2_common/pico_printf/printf.c.o
 .debug_info    0x00018091       0x23 CMakeFiles/build.dir/home/mdlos/.pico-sdk/sdk/2.1.0/src/rp2_common/pico_crt0/crt0.S.o
 .debug_info    0x000180b4      0xb54 CMakeFiles/build.dir/home/mdlos/.pico-sdk/sdk/2.1.0/src/rp2_common/pico_clib_interface/newlib_interface.c.o
 .debug_info    0x00018c08     0x1b8f CMakeFiles/build.dir/home/mdlos/.pico-sdk/sdk/2.1.0/src/rp2_common/pico_stdio/stdio.c.o

.debug_abbrev   0x00000000     0x4c0f
 .debug_abbrev  0x00000000      0x3dc CMakeFiles/build.dir/build.c.o
 .debug_abbrev  0x000003dc      0x4f9 CMakeFiles/build.dir/home/mdlos/.pico-sdk/sdk/2.1.0/src/rp2_common/hardware_gpio/gpio.c.o
 .debug_abbrev  0x000008d5      0x12b CMakeFiles/build.dir/home/mdlos/.pico-sdk/sdk/2.1.0/src/rp2_common/pico_platform_panic/panic.c.o
 .debug_abbrev  0x00000a00      0x33b CMakeFiles/build.dir/home/mdlos/.pico-sdk/sdk/2.1.0/src/common/hardware_claim/claim.c.o
 .debug_abbrev  0x00000d3b      0x20d CMakeFiles/build.dir/home/mdlos/.pico-sdk/sdk/2.1.0/src/rp2_common/hardware_sync/sync.c.o
 .debug_abbrev  0x00000f48      0x1bb CMakeFiles/build.dir/home/mdlos/.pico-sdk/sdk/2.1.0/src/rp2_common/hardware_sync_spin_lock/sync_spin_lock.c.o
 .debug_abbrev  0x00001103      0x5ff CMakeFiles/build.dir/home/mdlos/.pico-sdk/sdk/2.1.0/src/rp2_common/hardware_irq/irq.c.o
 .debug_abbrev  0x00001702       0xee CMakeFiles/build.dir/home/mdlos/.pico-sdk/sdk/2.1.0/src/common/pico_sync/lock_core.c.o
 .debug_abbrev  0x000017f0      0x48c CMakeFiles/build.dir/home/mdlos/.pico-sdk/sdk/2.1.0/src/common/pico_sync/mutex.c.o
 .debug_abbrev  0x00001c7c      0x67b CMakeFiles/build.dir/home/mdlos/.pico-sdk/sdk/2.1.0/src/common/pico_time/time.c.o
 .debug_abbrev  0x000022f7      0x4f2 CMakeFiles/build.dir/home/mdlos/.pico-sdk/sdk/2.1.0/src/rp2_common/hardware_timer/timer.c.o
 .debug_abbrev  0x000027e9      0x4e2 CMakeFiles/build.dir/home/mdlos/.pico-sdk/sdk/2.1.0/src/rp2_common/hardware_clocks/clocks.c.o
 .debug_abbrev  0x00002ccb      0x1d2 CMakeFiles/build.dir/home/mdlos/.pico-sdk/sdk/2.1.0/src/rp2_common/hardware_pll/pll.c.o
 .debug_abbrev  0x00002e9d      0x145 CMakeFiles/build.dir/home/mdlos/.pico-sdk/sdk/2.1.0/src/rp2_common/hardware_ticks/ticks.c.o
 .debug_abbrev  0x00002fe2      0x1d7 CMakeFiles/build.dir/home/mdlos/.pico-sdk/sdk/2.1.0/src/rp2_common/pico_bootrom/bootrom.c.o
 .debug_abbrev  0x000031b9      0x11b CMakeFiles/build.dir/home/mdlos/.pico-sdk/sdk/2.1.0/src/rp2_common/hardware_xosc/xosc.c.o
 .debug_abbrev  0x000032d4      0x182 CMakeFiles/build.dir/home/mdlos/.pico-sdk/sdk/2.1.0/src/rp2_common/pico_runtime/runtime.c.o
 .debug_abbrev  0x00003456      0x222 CMakeFiles/build.dir/home/mdlos/.pico-sdk/sdk/2.1.0/src/rp2_common/pico_runtime_init/runtime_init.c.o
 .debug_abbrev  0x00003678      0x294 CMakeFiles/build.dir/home/mdlos/.pico-sdk/sdk/2.1.0/src/rp2_common/pico_runtime_init/runtime_init_clocks.c.o
 .debug_abbrev  0x0000390c       0x12 CMakeFiles/build.dir/home/mdlos/.pico-sdk/sdk/2.1.0/src/rp2_common/pico_bit_ops/bit_ops_aeabi.S.o
 .debug_abbrev  0x0000391e       0x12 CMakeFiles/build.dir/home/mdlos/.pico-sdk/sdk/2.1.0/src/rp2_common/pico_divider/divider_hardware.S.o
 .debug_abbrev  0x00003930       0x12 CMakeFiles/build.dir/home/mdlos/.pico-sdk/sdk/2.1.0/src/rp2_common/pico_double/double_aeabi_rp2040.S.o
 .debug_abbrev  0x00003942      0x1bb CMakeFiles/build.dir/home/mdlos/.pico-sdk/sdk/2.1.0/src/rp2_common/pico_double/double_init_rom_rp2040.c.o
 .debug_abbrev  0x00003afd       0x14 CMakeFiles/build.dir/home/mdlos/.pico-sdk/sdk/2.1.0/src/rp2_common/pico_double/double_v1_rom_shim_rp2040.S.o
 .debug_abbrev  0x00003b11       0x14 CMakeFiles/build.dir/home/mdlos/.pico-sdk/sdk/2.1.0/src/rp2_common/pico_int64_ops/pico_int64_ops_aeabi.S.o
 .debug_abbrev  0x00003b25       0x12 CMakeFiles/build.dir/home/mdlos/.pico-sdk/sdk/2.1.0/src/rp2_common/pico_float/float_aeabi_rp2040.S.o
 .debug_abbrev  0x00003b37      0x19e CMakeFiles/build.dir/home/mdlos/.pico-sdk/sdk/2.1.0/src/rp2_common/pico_float/float_init_rom_rp2040.c.o
 .debug_abbrev  0x00003cd5       0x12 CMakeFiles/build.dir/home/mdlos/.pico-sdk/sdk/2.1.0/src/rp2_common/pico_mem_ops/mem_ops_aeabi.S.o
 .debug_abbrev  0x00003ce7       0xb8 CMakeFiles/build.dir/home/mdlos/.pico-sdk/sdk/2.1.0/src/rp2_common/pico_standard_binary_info/standard_binary_info.c.o
 .debug_abbrev  0x00003d9f      0x525 CMakeFiles/build.dir/home/mdlos/.pico-sdk/sdk/2.1.0/src/rp2_common/pico_printf/printf.c.o
 .debug_abbrev  0x000042c4       0x12 CMakeFiles/build.dir/home/mdlos/.pico-sdk/sdk/2.1.0/src/rp2_common/pico_crt0/crt0.S.o
 .debug_abbrev  0x000042d6      0x352 CMakeFiles/build.dir/home/mdlos/.pico-sdk/sdk/2.1.0/src/rp2_common/pico_clib_interface/newlib_interface.c.o
 .debug_abbrev  0x00004628      0x5e7 CMakeFiles/build.dir/home/mdlos/.pico-sdk/sdk/2.1.0/src/rp2_common/pico_stdio/stdio.c.o

.debug_loclists
                0x00000000     0xf5ac
 .debug_loclists
                0x00000000      0x866 CMakeFiles/build.dir/build.c.o
 .debug_loclists
                0x00000866     0x1a03 CMakeFiles/build.dir/home/mdlos/.pico-sdk/sdk/2.1.0/src/rp2_common/hardware_gpio/gpio.c.o
 .debug_loclists
                0x00002269      0x36e CMakeFiles/build.dir/home/mdlos/.pico-sdk/sdk/2.1.0/src/common/hardware_claim/claim.c.o
 .debug_loclists
                0x000025d7       0xf1 CMakeFiles/build.dir/home/mdlos/.pico-sdk/sdk/2.1.0/src/rp2_common/hardware_sync/sync.c.o
 .debug_loclists
                0x000026c8       0x7d CMakeFiles/build.dir/home/mdlos/.pico-sdk/sdk/2.1.0/src/rp2_common/hardware_sync_spin_lock/sync_spin_lock.c.o
 .debug_loclists
                0x00002745     0x116f CMakeFiles/build.dir/home/mdlos/.pico-sdk/sdk/2.1.0/src/rp2_common/hardware_irq/irq.c.o
 .debug_loclists
                0x000038b4       0x41 CMakeFiles/build.dir/home/mdlos/.pico-sdk/sdk/2.1.0/src/common/pico_sync/lock_core.c.o
 .debug_loclists
                0x000038f5      0xafa CMakeFiles/build.dir/home/mdlos/.pico-sdk/sdk/2.1.0/src/common/pico_sync/mutex.c.o
 .debug_loclists
                0x000043ef     0x24bd CMakeFiles/build.dir/home/mdlos/.pico-sdk/sdk/2.1.0/src/common/pico_time/time.c.o
 .debug_loclists
                0x000068ac     0x1a12 CMakeFiles/build.dir/home/mdlos/.pico-sdk/sdk/2.1.0/src/rp2_common/hardware_timer/timer.c.o
 .debug_loclists
                0x000082be     0x28a5 CMakeFiles/build.dir/home/mdlos/.pico-sdk/sdk/2.1.0/src/rp2_common/hardware_clocks/clocks.c.o
 .debug_loclists
                0x0000ab63      0x1e0 CMakeFiles/build.dir/home/mdlos/.pico-sdk/sdk/2.1.0/src/rp2_common/hardware_pll/pll.c.o
 .debug_loclists
                0x0000ad43       0x47 CMakeFiles/build.dir/home/mdlos/.pico-sdk/sdk/2.1.0/src/rp2_common/hardware_ticks/ticks.c.o
 .debug_loclists
                0x0000ad8a      0x38a CMakeFiles/build.dir/home/mdlos/.pico-sdk/sdk/2.1.0/src/rp2_common/pico_bootrom/bootrom.c.o
 .debug_loclists
                0x0000b114       0x48 CMakeFiles/build.dir/home/mdlos/.pico-sdk/sdk/2.1.0/src/rp2_common/hardware_xosc/xosc.c.o
 .debug_loclists
                0x0000b15c       0x7e CMakeFiles/build.dir/home/mdlos/.pico-sdk/sdk/2.1.0/src/rp2_common/pico_runtime/runtime.c.o
 .debug_loclists
                0x0000b1da       0xba CMakeFiles/build.dir/home/mdlos/.pico-sdk/sdk/2.1.0/src/rp2_common/pico_runtime_init/runtime_init.c.o
 .debug_loclists
                0x0000b294       0x74 CMakeFiles/build.dir/home/mdlos/.pico-sdk/sdk/2.1.0/src/rp2_common/pico_runtime_init/runtime_init_clocks.c.o
 .debug_loclists
                0x0000b308       0x35 CMakeFiles/build.dir/home/mdlos/.pico-sdk/sdk/2.1.0/src/rp2_common/pico_double/double_init_rom_rp2040.c.o
 .debug_loclists
                0x0000b33d       0x4e CMakeFiles/build.dir/home/mdlos/.pico-sdk/sdk/2.1.0/src/rp2_common/pico_float/float_init_rom_rp2040.c.o
 .debug_loclists
                0x0000b38b     0x2f65 CMakeFiles/build.dir/home/mdlos/.pico-sdk/sdk/2.1.0/src/rp2_common/pico_printf/printf.c.o
 .debug_loclists
                0x0000e2f0      0x431 CMakeFiles/build.dir/home/mdlos/.pico-sdk/sdk/2.1.0/src/rp2_common/pico_clib_interface/newlib_interface.c.o
 .debug_loclists
                0x0000e721      0xe8b CMakeFiles/build.dir/home/mdlos/.pico-sdk/sdk/2.1.0/src/rp2_common/pico_stdio/stdio.c.o

.debug_aranges  0x00000000      0xd78
 .debug_aranges
                0x00000000       0x38 CMakeFiles/build.dir/build.c.o
 .debug_aranges
                0x00000038      0x120 CMakeFiles/build.dir/home/mdlos/.pico-sdk/sdk/2.1.0/src/rp2_common/hardware_gpio/gpio.c.o
 .debug_aranges
                0x00000158       0x28 CMakeFiles/build.dir/home/mdlos/.pico-sdk/sdk/2.1.0/src/rp2_common/pico_platform_panic/panic.c.o
 .debug_aranges
                0x00000180       0x48 CMakeFiles/build.dir/home/mdlos/.pico-sdk/sdk/2.1.0/src/common/hardware_claim/claim.c.o
 .debug_aranges
                0x000001c8       0x48 CMakeFiles/build.dir/home/mdlos/.pico-sdk/sdk/2.1.0/src/rp2_common/hardware_sync/sync.c.o
 .debug_aranges
                0x00000210       0x28 CMakeFiles/build.dir/home/mdlos/.pico-sdk/sdk/2.1.0/src/rp2_common/hardware_sync_spin_lock/sync_spin_lock.c.o
 .debug_aranges
                0x00000238       0xb0 CMakeFiles/build.dir/home/mdlos/.pico-sdk/sdk/2.1.0/src/rp2_common/hardware_irq/irq.c.o
 .debug_aranges
                0x000002e8       0x20 CMakeFiles/build.dir/home/mdlos/.pico-sdk/sdk/2.1.0/src/common/pico_sync/lock_core.c.o
 .debug_aranges
                0x00000308       0x98 CMakeFiles/build.dir/home/mdlos/.pico-sdk/sdk/2.1.0/src/common/pico_sync/mutex.c.o
 .debug_aranges
                0x000003a0       0xe0 CMakeFiles/build.dir/home/mdlos/.pico-sdk/sdk/2.1.0/src/common/pico_time/time.c.o
 .debug_aranges
                0x00000480       0xf0 CMakeFiles/build.dir/home/mdlos/.pico-sdk/sdk/2.1.0/src/rp2_common/hardware_timer/timer.c.o
 .debug_aranges
                0x00000570       0x90 CMakeFiles/build.dir/home/mdlos/.pico-sdk/sdk/2.1.0/src/rp2_common/hardware_clocks/clocks.c.o
 .debug_aranges
                0x00000600       0x28 CMakeFiles/build.dir/home/mdlos/.pico-sdk/sdk/2.1.0/src/rp2_common/hardware_pll/pll.c.o
 .debug_aranges
                0x00000628       0x30 CMakeFiles/build.dir/home/mdlos/.pico-sdk/sdk/2.1.0/src/rp2_common/hardware_ticks/ticks.c.o
 .debug_aranges
                0x00000658       0x40 CMakeFiles/build.dir/home/mdlos/.pico-sdk/sdk/2.1.0/src/rp2_common/pico_bootrom/bootrom.c.o
 .debug_aranges
                0x00000698       0x30 CMakeFiles/build.dir/home/mdlos/.pico-sdk/sdk/2.1.0/src/rp2_common/hardware_xosc/xosc.c.o
 .debug_aranges
                0x000006c8       0x38 CMakeFiles/build.dir/home/mdlos/.pico-sdk/sdk/2.1.0/src/rp2_common/pico_runtime/runtime.c.o
 .debug_aranges
                0x00000700       0x48 CMakeFiles/build.dir/home/mdlos/.pico-sdk/sdk/2.1.0/src/rp2_common/pico_runtime_init/runtime_init.c.o
 .debug_aranges
                0x00000748       0x20 CMakeFiles/build.dir/home/mdlos/.pico-sdk/sdk/2.1.0/src/rp2_common/pico_runtime_init/runtime_init_clocks.c.o
 .debug_aranges
                0x00000768       0x60 CMakeFiles/build.dir/home/mdlos/.pico-sdk/sdk/2.1.0/src/rp2_common/pico_bit_ops/bit_ops_aeabi.S.o
 .debug_aranges
                0x000007c8       0x40 CMakeFiles/build.dir/home/mdlos/.pico-sdk/sdk/2.1.0/src/rp2_common/pico_divider/divider_hardware.S.o
 .debug_aranges
                0x00000808      0x140 CMakeFiles/build.dir/home/mdlos/.pico-sdk/sdk/2.1.0/src/rp2_common/pico_double/double_aeabi_rp2040.S.o
 .debug_aranges
                0x00000948       0x28 CMakeFiles/build.dir/home/mdlos/.pico-sdk/sdk/2.1.0/src/rp2_common/pico_double/double_init_rom_rp2040.c.o
 .debug_aranges
                0x00000970       0x20 CMakeFiles/build.dir/home/mdlos/.pico-sdk/sdk/2.1.0/src/rp2_common/pico_double/double_v1_rom_shim_rp2040.S.o
 .debug_aranges
                0x00000990       0x20 CMakeFiles/build.dir/home/mdlos/.pico-sdk/sdk/2.1.0/src/rp2_common/pico_int64_ops/pico_int64_ops_aeabi.S.o
 .debug_aranges
                0x000009b0      0x130 CMakeFiles/build.dir/home/mdlos/.pico-sdk/sdk/2.1.0/src/rp2_common/pico_float/float_aeabi_rp2040.S.o
 .debug_aranges
                0x00000ae0       0x28 CMakeFiles/build.dir/home/mdlos/.pico-sdk/sdk/2.1.0/src/rp2_common/pico_float/float_init_rom_rp2040.c.o
 .debug_aranges
                0x00000b08       0x38 CMakeFiles/build.dir/home/mdlos/.pico-sdk/sdk/2.1.0/src/rp2_common/pico_mem_ops/mem_ops_aeabi.S.o
 .debug_aranges
                0x00000b40       0x18 CMakeFiles/build.dir/home/mdlos/.pico-sdk/sdk/2.1.0/src/rp2_common/pico_standard_binary_info/standard_binary_info.c.o
 .debug_aranges
                0x00000b58       0x90 CMakeFiles/build.dir/home/mdlos/.pico-sdk/sdk/2.1.0/src/rp2_common/pico_printf/printf.c.o
 .debug_aranges
                0x00000be8       0x28 CMakeFiles/build.dir/home/mdlos/.pico-sdk/sdk/2.1.0/src/rp2_common/pico_crt0/crt0.S.o
 .debug_aranges
                0x00000c10       0xa0 CMakeFiles/build.dir/home/mdlos/.pico-sdk/sdk/2.1.0/src/rp2_common/pico_clib_interface/newlib_interface.c.o
 .debug_aranges
                0x00000cb0       0xc8 CMakeFiles/build.dir/home/mdlos/.pico-sdk/sdk/2.1.0/src/rp2_common/pico_stdio/stdio.c.o

.debug_rnglists
                0x00000000     0x27f4
 .debug_rnglists
                0x00000000       0x79 CMakeFiles/build.dir/build.c.o
 .debug_rnglists
                0x00000079      0x5c7 CMakeFiles/build.dir/home/mdlos/.pico-sdk/sdk/2.1.0/src/rp2_common/hardware_gpio/gpio.c.o
 .debug_rnglists
                0x00000640       0x19 CMakeFiles/build.dir/home/mdlos/.pico-sdk/sdk/2.1.0/src/rp2_common/pico_platform_panic/panic.c.o
 .debug_rnglists
                0x00000659       0xc5 CMakeFiles/build.dir/home/mdlos/.pico-sdk/sdk/2.1.0/src/common/hardware_claim/claim.c.o
 .debug_rnglists
                0x0000071e       0x67 CMakeFiles/build.dir/home/mdlos/.pico-sdk/sdk/2.1.0/src/rp2_common/hardware_sync/sync.c.o
 .debug_rnglists
                0x00000785       0x3d CMakeFiles/build.dir/home/mdlos/.pico-sdk/sdk/2.1.0/src/rp2_common/hardware_sync_spin_lock/sync_spin_lock.c.o
 .debug_rnglists
                0x000007c2      0x355 CMakeFiles/build.dir/home/mdlos/.pico-sdk/sdk/2.1.0/src/rp2_common/hardware_irq/irq.c.o
 .debug_rnglists
                0x00000b17       0x1f CMakeFiles/build.dir/home/mdlos/.pico-sdk/sdk/2.1.0/src/common/pico_sync/lock_core.c.o
 .debug_rnglists
                0x00000b36      0x32c CMakeFiles/build.dir/home/mdlos/.pico-sdk/sdk/2.1.0/src/common/pico_sync/mutex.c.o
 .debug_rnglists
                0x00000e62      0x77c CMakeFiles/build.dir/home/mdlos/.pico-sdk/sdk/2.1.0/src/common/pico_time/time.c.o
 .debug_rnglists
                0x000015de      0x2c6 CMakeFiles/build.dir/home/mdlos/.pico-sdk/sdk/2.1.0/src/rp2_common/hardware_timer/timer.c.o
 .debug_rnglists
                0x000018a4      0x4ad CMakeFiles/build.dir/home/mdlos/.pico-sdk/sdk/2.1.0/src/rp2_common/hardware_clocks/clocks.c.o
 .debug_rnglists
                0x00001d51       0x5c CMakeFiles/build.dir/home/mdlos/.pico-sdk/sdk/2.1.0/src/rp2_common/hardware_pll/pll.c.o
 .debug_rnglists
                0x00001dad       0x2b CMakeFiles/build.dir/home/mdlos/.pico-sdk/sdk/2.1.0/src/rp2_common/hardware_ticks/ticks.c.o
 .debug_rnglists
                0x00001dd8      0x10c CMakeFiles/build.dir/home/mdlos/.pico-sdk/sdk/2.1.0/src/rp2_common/pico_bootrom/bootrom.c.o
 .debug_rnglists
                0x00001ee4       0x2b CMakeFiles/build.dir/home/mdlos/.pico-sdk/sdk/2.1.0/src/rp2_common/hardware_xosc/xosc.c.o
 .debug_rnglists
                0x00001f0f       0x3d CMakeFiles/build.dir/home/mdlos/.pico-sdk/sdk/2.1.0/src/rp2_common/pico_runtime/runtime.c.o
 .debug_rnglists
                0x00001f4c       0x49 CMakeFiles/build.dir/home/mdlos/.pico-sdk/sdk/2.1.0/src/rp2_common/pico_runtime_init/runtime_init.c.o
 .debug_rnglists
                0x00001f95       0x20 CMakeFiles/build.dir/home/mdlos/.pico-sdk/sdk/2.1.0/src/rp2_common/pico_runtime_init/runtime_init_clocks.c.o
 .debug_rnglists
                0x00001fb5       0x43 CMakeFiles/build.dir/home/mdlos/.pico-sdk/sdk/2.1.0/src/rp2_common/pico_bit_ops/bit_ops_aeabi.S.o
 .debug_rnglists
                0x00001ff8       0x2c CMakeFiles/build.dir/home/mdlos/.pico-sdk/sdk/2.1.0/src/rp2_common/pico_divider/divider_hardware.S.o
 .debug_rnglists
                0x00002024       0xec CMakeFiles/build.dir/home/mdlos/.pico-sdk/sdk/2.1.0/src/rp2_common/pico_double/double_aeabi_rp2040.S.o
 .debug_rnglists
                0x00002110       0x1a CMakeFiles/build.dir/home/mdlos/.pico-sdk/sdk/2.1.0/src/rp2_common/pico_double/double_init_rom_rp2040.c.o
 .debug_rnglists
                0x0000212a       0xdf CMakeFiles/build.dir/home/mdlos/.pico-sdk/sdk/2.1.0/src/rp2_common/pico_float/float_aeabi_rp2040.S.o
 .debug_rnglists
                0x00002209       0x19 CMakeFiles/build.dir/home/mdlos/.pico-sdk/sdk/2.1.0/src/rp2_common/pico_float/float_init_rom_rp2040.c.o
 .debug_rnglists
                0x00002222       0x25 CMakeFiles/build.dir/home/mdlos/.pico-sdk/sdk/2.1.0/src/rp2_common/pico_mem_ops/mem_ops_aeabi.S.o
 .debug_rnglists
                0x00002247      0x27c CMakeFiles/build.dir/home/mdlos/.pico-sdk/sdk/2.1.0/src/rp2_common/pico_printf/printf.c.o
 .debug_rnglists
                0x000024c3       0x1b CMakeFiles/build.dir/home/mdlos/.pico-sdk/sdk/2.1.0/src/rp2_common/pico_crt0/crt0.S.o
 .debug_rnglists
                0x000024de       0x7f CMakeFiles/build.dir/home/mdlos/.pico-sdk/sdk/2.1.0/src/rp2_common/pico_clib_interface/newlib_interface.c.o
 .debug_rnglists
                0x0000255d      0x297 CMakeFiles/build.dir/home/mdlos/.pico-sdk/sdk/2.1.0/src/rp2_common/pico_stdio/stdio.c.o

.debug_line     0x00000000    0x148e0
 .debug_line    0x00000000      0xa13 CMakeFiles/build.dir/build.c.o
 .debug_line    0x00000a13     0x1c79 CMakeFiles/build.dir/home/mdlos/.pico-sdk/sdk/2.1.0/src/rp2_common/hardware_gpio/gpio.c.o
 .debug_line    0x0000268c      0x278 CMakeFiles/build.dir/home/mdlos/.pico-sdk/sdk/2.1.0/src/rp2_common/pico_platform_panic/panic.c.o
 .debug_line    0x00002904      0x912 CMakeFiles/build.dir/home/mdlos/.pico-sdk/sdk/2.1.0/src/common/hardware_claim/claim.c.o
 .debug_line    0x00003216      0x4ba CMakeFiles/build.dir/home/mdlos/.pico-sdk/sdk/2.1.0/src/rp2_common/hardware_sync/sync.c.o
 .debug_line    0x000036d0      0x3a5 CMakeFiles/build.dir/home/mdlos/.pico-sdk/sdk/2.1.0/src/rp2_common/hardware_sync_spin_lock/sync_spin_lock.c.o
 .debug_line    0x00003a75     0x16f2 CMakeFiles/build.dir/home/mdlos/.pico-sdk/sdk/2.1.0/src/rp2_common/hardware_irq/irq.c.o
 .debug_line    0x00005167      0x2d0 CMakeFiles/build.dir/home/mdlos/.pico-sdk/sdk/2.1.0/src/common/pico_sync/lock_core.c.o
 .debug_line    0x00005437     0x1b04 CMakeFiles/build.dir/home/mdlos/.pico-sdk/sdk/2.1.0/src/common/pico_sync/mutex.c.o
 .debug_line    0x00006f3b     0x3100 CMakeFiles/build.dir/home/mdlos/.pico-sdk/sdk/2.1.0/src/common/pico_time/time.c.o
 .debug_line    0x0000a03b     0x1d0d CMakeFiles/build.dir/home/mdlos/.pico-sdk/sdk/2.1.0/src/rp2_common/hardware_timer/timer.c.o
 .debug_line    0x0000bd48     0x1dec CMakeFiles/build.dir/home/mdlos/.pico-sdk/sdk/2.1.0/src/rp2_common/hardware_clocks/clocks.c.o
 .debug_line    0x0000db34      0x4e5 CMakeFiles/build.dir/home/mdlos/.pico-sdk/sdk/2.1.0/src/rp2_common/hardware_pll/pll.c.o
 .debug_line    0x0000e019      0x32f CMakeFiles/build.dir/home/mdlos/.pico-sdk/sdk/2.1.0/src/rp2_common/hardware_ticks/ticks.c.o
 .debug_line    0x0000e348      0x46f CMakeFiles/build.dir/home/mdlos/.pico-sdk/sdk/2.1.0/src/rp2_common/pico_bootrom/bootrom.c.o
 .debug_line    0x0000e7b7      0x348 CMakeFiles/build.dir/home/mdlos/.pico-sdk/sdk/2.1.0/src/rp2_common/hardware_xosc/xosc.c.o
 .debug_line    0x0000eaff      0x307 CMakeFiles/build.dir/home/mdlos/.pico-sdk/sdk/2.1.0/src/rp2_common/pico_runtime/runtime.c.o
 .debug_line    0x0000ee06      0x527 CMakeFiles/build.dir/home/mdlos/.pico-sdk/sdk/2.1.0/src/rp2_common/pico_runtime_init/runtime_init.c.o
 .debug_line    0x0000f32d      0x543 CMakeFiles/build.dir/home/mdlos/.pico-sdk/sdk/2.1.0/src/rp2_common/pico_runtime_init/runtime_init_clocks.c.o
 .debug_line    0x0000f870      0x107 CMakeFiles/build.dir/home/mdlos/.pico-sdk/sdk/2.1.0/src/rp2_common/pico_bit_ops/bit_ops_aeabi.S.o
 .debug_line    0x0000f977      0x2a9 CMakeFiles/build.dir/home/mdlos/.pico-sdk/sdk/2.1.0/src/rp2_common/pico_divider/divider_hardware.S.o
 .debug_line    0x0000fc20      0x3f3 CMakeFiles/build.dir/home/mdlos/.pico-sdk/sdk/2.1.0/src/rp2_common/pico_double/double_aeabi_rp2040.S.o
 .debug_line    0x00010013      0x54d CMakeFiles/build.dir/home/mdlos/.pico-sdk/sdk/2.1.0/src/rp2_common/pico_double/double_init_rom_rp2040.c.o
 .debug_line    0x00010560       0x5d CMakeFiles/build.dir/home/mdlos/.pico-sdk/sdk/2.1.0/src/rp2_common/pico_double/double_v1_rom_shim_rp2040.S.o
 .debug_line    0x000105bd       0x61 CMakeFiles/build.dir/home/mdlos/.pico-sdk/sdk/2.1.0/src/rp2_common/pico_int64_ops/pico_int64_ops_aeabi.S.o
 .debug_line    0x0001061e      0x3a8 CMakeFiles/build.dir/home/mdlos/.pico-sdk/sdk/2.1.0/src/rp2_common/pico_float/float_aeabi_rp2040.S.o
 .debug_line    0x000109c6      0x409 CMakeFiles/build.dir/home/mdlos/.pico-sdk/sdk/2.1.0/src/rp2_common/pico_float/float_init_rom_rp2040.c.o
 .debug_line    0x00010dcf       0x94 CMakeFiles/build.dir/home/mdlos/.pico-sdk/sdk/2.1.0/src/rp2_common/pico_mem_ops/mem_ops_aeabi.S.o
 .debug_line    0x00010e63      0x1e6 CMakeFiles/build.dir/home/mdlos/.pico-sdk/sdk/2.1.0/src/rp2_common/pico_standard_binary_info/standard_binary_info.c.o
 .debug_line    0x00011049     0x1b7a CMakeFiles/build.dir/home/mdlos/.pico-sdk/sdk/2.1.0/src/rp2_common/pico_printf/printf.c.o
 .debug_line    0x00012bc3       0xa5 CMakeFiles/build.dir/home/mdlos/.pico-sdk/sdk/2.1.0/src/rp2_common/pico_crt0/crt0.S.o
 .debug_line    0x00012c68      0x84c CMakeFiles/build.dir/home/mdlos/.pico-sdk/sdk/2.1.0/src/rp2_common/pico_clib_interface/newlib_interface.c.o
 .debug_line    0x000134b4     0x142c CMakeFiles/build.dir/home/mdlos/.pico-sdk/sdk/2.1.0/src/rp2_common/pico_stdio/stdio.c.o

.debug_str      0x00000000     0x4399
 .debug_str     0x00000000     0x4399 CMakeFiles/build.dir/build.c.o
                                0xa60 (size before relaxing)
 .debug_str     0x00004399      0xc84 CMakeFiles/build.dir/home/mdlos/.pico-sdk/sdk/2.1.0/src/rp2_common/hardware_gpio/gpio.c.o
 .debug_str     0x00004399      0x20f CMakeFiles/build.dir/home/mdlos/.pico-sdk/sdk/2.1.0/src/rp2_common/pico_platform_panic/panic.c.o
 .debug_str     0x00004399      0x392 CMakeFiles/build.dir/home/mdlos/.pico-sdk/sdk/2.1.0/src/common/hardware_claim/claim.c.o
 .debug_str     0x00004399      0x33b CMakeFiles/build.dir/home/mdlos/.pico-sdk/sdk/2.1.0/src/rp2_common/hardware_sync/sync.c.o
 .debug_str     0x00004399      0x24e CMakeFiles/build.dir/home/mdlos/.pico-sdk/sdk/2.1.0/src/rp2_common/hardware_sync_spin_lock/sync_spin_lock.c.o
 .debug_str     0x00004399      0xa72 CMakeFiles/build.dir/home/mdlos/.pico-sdk/sdk/2.1.0/src/rp2_common/hardware_irq/irq.c.o
 .debug_str     0x00004399      0x21a CMakeFiles/build.dir/home/mdlos/.pico-sdk/sdk/2.1.0/src/common/pico_sync/lock_core.c.o
 .debug_str     0x00004399      0x7ad CMakeFiles/build.dir/home/mdlos/.pico-sdk/sdk/2.1.0/src/common/pico_sync/mutex.c.o
 .debug_str     0x00004399     0x11aa CMakeFiles/build.dir/home/mdlos/.pico-sdk/sdk/2.1.0/src/common/pico_time/time.c.o
 .debug_str     0x00004399      0x9f5 CMakeFiles/build.dir/home/mdlos/.pico-sdk/sdk/2.1.0/src/rp2_common/hardware_timer/timer.c.o
 .debug_str     0x00004399      0x9a4 CMakeFiles/build.dir/home/mdlos/.pico-sdk/sdk/2.1.0/src/rp2_common/hardware_clocks/clocks.c.o
 .debug_str     0x00004399      0x46d CMakeFiles/build.dir/home/mdlos/.pico-sdk/sdk/2.1.0/src/rp2_common/hardware_pll/pll.c.o
 .debug_str     0x00004399      0x29c CMakeFiles/build.dir/home/mdlos/.pico-sdk/sdk/2.1.0/src/rp2_common/hardware_ticks/ticks.c.o
 .debug_str     0x00004399      0x34a CMakeFiles/build.dir/home/mdlos/.pico-sdk/sdk/2.1.0/src/rp2_common/pico_bootrom/bootrom.c.o
 .debug_str     0x00004399      0x251 CMakeFiles/build.dir/home/mdlos/.pico-sdk/sdk/2.1.0/src/rp2_common/hardware_xosc/xosc.c.o
 .debug_str     0x00004399      0x2a1 CMakeFiles/build.dir/home/mdlos/.pico-sdk/sdk/2.1.0/src/rp2_common/pico_runtime/runtime.c.o
 .debug_str     0x00004399      0x795 CMakeFiles/build.dir/home/mdlos/.pico-sdk/sdk/2.1.0/src/rp2_common/pico_runtime_init/runtime_init.c.o
 .debug_str     0x00004399      0x4a9 CMakeFiles/build.dir/home/mdlos/.pico-sdk/sdk/2.1.0/src/rp2_common/pico_runtime_init/runtime_init_clocks.c.o
 .debug_str     0x00004399       0x99 CMakeFiles/build.dir/home/mdlos/.pico-sdk/sdk/2.1.0/src/rp2_common/pico_bit_ops/bit_ops_aeabi.S.o
 .debug_str     0x00004399       0x9c CMakeFiles/build.dir/home/mdlos/.pico-sdk/sdk/2.1.0/src/rp2_common/pico_divider/divider_hardware.S.o
 .debug_str     0x00004399       0x9e CMakeFiles/build.dir/home/mdlos/.pico-sdk/sdk/2.1.0/src/rp2_common/pico_double/double_aeabi_rp2040.S.o
 .debug_str     0x00004399      0x2f0 CMakeFiles/build.dir/home/mdlos/.pico-sdk/sdk/2.1.0/src/rp2_common/pico_double/double_init_rom_rp2040.c.o
 .debug_str     0x00004399       0xa4 CMakeFiles/build.dir/home/mdlos/.pico-sdk/sdk/2.1.0/src/rp2_common/pico_double/double_v1_rom_shim_rp2040.S.o
 .debug_str     0x00004399       0xa2 CMakeFiles/build.dir/home/mdlos/.pico-sdk/sdk/2.1.0/src/rp2_common/pico_int64_ops/pico_int64_ops_aeabi.S.o
 .debug_str     0x00004399       0x9c CMakeFiles/build.dir/home/mdlos/.pico-sdk/sdk/2.1.0/src/rp2_common/pico_float/float_aeabi_rp2040.S.o
 .debug_str     0x00004399      0x2b5 CMakeFiles/build.dir/home/mdlos/.pico-sdk/sdk/2.1.0/src/rp2_common/pico_float/float_init_rom_rp2040.c.o
 .debug_str     0x00004399       0x99 CMakeFiles/build.dir/home/mdlos/.pico-sdk/sdk/2.1.0/src/rp2_common/pico_mem_ops/mem_ops_aeabi.S.o
 .debug_str     0x00004399      0x44a CMakeFiles/build.dir/home/mdlos/.pico-sdk/sdk/2.1.0/src/rp2_common/pico_standard_binary_info/standard_binary_info.c.o
 .debug_str     0x00004399      0x4e4 CMakeFiles/build.dir/home/mdlos/.pico-sdk/sdk/2.1.0/src/rp2_common/pico_printf/printf.c.o
 .debug_str     0x00004399       0x8d CMakeFiles/build.dir/home/mdlos/.pico-sdk/sdk/2.1.0/src/rp2_common/pico_crt0/crt0.S.o
 .debug_str     0x00004399      0x72f CMakeFiles/build.dir/home/mdlos/.pico-sdk/sdk/2.1.0/src/rp2_common/pico_clib_interface/newlib_interface.c.o
 .debug_str     0x00004399      0xad3 CMakeFiles/build.dir/home/mdlos/.pico-sdk/sdk/2.1.0/src/rp2_common/pico_stdio/stdio.c.o

.debug_frame    0x00000000     0x19e8
 .debug_frame   0x00000000       0x94 CMakeFiles/build.dir/build.c.o
 .debug_frame   0x00000094      0x330 CMakeFiles/build.dir/home/mdlos/.pico-sdk/sdk/2.1.0/src/rp2_common/hardware_gpio/gpio.c.o
 .debug_frame   0x000003c4       0x44 CMakeFiles/build.dir/home/mdlos/.pico-sdk/sdk/2.1.0/src/rp2_common/pico_platform_panic/panic.c.o
 .debug_frame   0x00000408       0xa0 CMakeFiles/build.dir/home/mdlos/.pico-sdk/sdk/2.1.0/src/common/hardware_claim/claim.c.o
 .debug_frame   0x000004a8       0xa8 CMakeFiles/build.dir/home/mdlos/.pico-sdk/sdk/2.1.0/src/rp2_common/hardware_sync/sync.c.o
 .debug_frame   0x00000550       0x30 CMakeFiles/build.dir/home/mdlos/.pico-sdk/sdk/2.1.0/src/rp2_common/hardware_sync_spin_lock/sync_spin_lock.c.o
 .debug_frame   0x00000580      0x1bc CMakeFiles/build.dir/home/mdlos/.pico-sdk/sdk/2.1.0/src/rp2_common/hardware_irq/irq.c.o
 .debug_frame   0x0000073c       0x20 CMakeFiles/build.dir/home/mdlos/.pico-sdk/sdk/2.1.0/src/common/pico_sync/lock_core.c.o
 .debug_frame   0x0000075c      0x1e0 CMakeFiles/build.dir/home/mdlos/.pico-sdk/sdk/2.1.0/src/common/pico_sync/mutex.c.o
 .debug_frame   0x0000093c      0x2d0 CMakeFiles/build.dir/home/mdlos/.pico-sdk/sdk/2.1.0/src/common/pico_time/time.c.o
 .debug_frame   0x00000c0c      0x2c0 CMakeFiles/build.dir/home/mdlos/.pico-sdk/sdk/2.1.0/src/rp2_common/hardware_timer/timer.c.o
 .debug_frame   0x00000ecc      0x1f0 CMakeFiles/build.dir/home/mdlos/.pico-sdk/sdk/2.1.0/src/rp2_common/hardware_clocks/clocks.c.o
 .debug_frame   0x000010bc       0x40 CMakeFiles/build.dir/home/mdlos/.pico-sdk/sdk/2.1.0/src/rp2_common/hardware_pll/pll.c.o
 .debug_frame   0x000010fc       0x40 CMakeFiles/build.dir/home/mdlos/.pico-sdk/sdk/2.1.0/src/rp2_common/hardware_ticks/ticks.c.o
 .debug_frame   0x0000113c       0xa0 CMakeFiles/build.dir/home/mdlos/.pico-sdk/sdk/2.1.0/src/rp2_common/pico_bootrom/bootrom.c.o
 .debug_frame   0x000011dc       0x40 CMakeFiles/build.dir/home/mdlos/.pico-sdk/sdk/2.1.0/src/rp2_common/hardware_xosc/xosc.c.o
 .debug_frame   0x0000121c       0x70 CMakeFiles/build.dir/home/mdlos/.pico-sdk/sdk/2.1.0/src/rp2_common/pico_runtime/runtime.c.o
 .debug_frame   0x0000128c       0x84 CMakeFiles/build.dir/home/mdlos/.pico-sdk/sdk/2.1.0/src/rp2_common/pico_runtime_init/runtime_init.c.o
 .debug_frame   0x00001310       0x2c CMakeFiles/build.dir/home/mdlos/.pico-sdk/sdk/2.1.0/src/rp2_common/pico_runtime_init/runtime_init_clocks.c.o
 .debug_frame   0x0000133c       0x44 CMakeFiles/build.dir/home/mdlos/.pico-sdk/sdk/2.1.0/src/rp2_common/pico_double/double_init_rom_rp2040.c.o
 .debug_frame   0x00001380       0x40 CMakeFiles/build.dir/home/mdlos/.pico-sdk/sdk/2.1.0/src/rp2_common/pico_float/float_init_rom_rp2040.c.o
 .debug_frame   0x000013c0      0x1ec CMakeFiles/build.dir/home/mdlos/.pico-sdk/sdk/2.1.0/src/rp2_common/pico_printf/printf.c.o
 .debug_frame   0x000015ac      0x174 CMakeFiles/build.dir/home/mdlos/.pico-sdk/sdk/2.1.0/src/rp2_common/pico_clib_interface/newlib_interface.c.o
 .debug_frame   0x00001720      0x2a0 CMakeFiles/build.dir/home/mdlos/.pico-sdk/sdk/2.1.0/src/rp2_common/pico_stdio/stdio.c.o
 .debug_frame   0x000019c0       0x28 /home/mdlos/.pico-sdk/toolchain/13_3_Rel1/bin/../lib/gcc/arm-none-eabi/13.3.1/../../../../arm-none-eabi/lib/thumb/v6-m/nofp/libg.a(libc_a-strlen-stub.o)

.debug_line_str
                0x00000000      0x339
 .debug_line_str
                0x00000000      0x339 CMakeFiles/build.dir/home/mdlos/.pico-sdk/sdk/2.1.0/src/rp2_common/pico_bit_ops/bit_ops_aeabi.S.o
                                 0x8b (size before relaxing)
 .debug_line_str
                0x00000339       0x8e CMakeFiles/build.dir/home/mdlos/.pico-sdk/sdk/2.1.0/src/rp2_common/pico_divider/divider_hardware.S.o
 .debug_line_str
                0x00000339       0x90 CMakeFiles/build.dir/home/mdlos/.pico-sdk/sdk/2.1.0/src/rp2_common/pico_double/double_aeabi_rp2040.S.o
 .debug_line_str
                0x00000339       0x96 CMakeFiles/build.dir/home/mdlos/.pico-sdk/sdk/2.1.0/src/rp2_common/pico_double/double_v1_rom_shim_rp2040.S.o
 .debug_line_str
                0x00000339       0x94 CMakeFiles/build.dir/home/mdlos/.pico-sdk/sdk/2.1.0/src/rp2_common/pico_int64_ops/pico_int64_ops_aeabi.S.o
 .debug_line_str
                0x00000339       0x8e CMakeFiles/build.dir/home/mdlos/.pico-sdk/sdk/2.1.0/src/rp2_common/pico_float/float_aeabi_rp2040.S.o
 .debug_line_str
                0x00000339       0x8b CMakeFiles/build.dir/home/mdlos/.pico-sdk/sdk/2.1.0/src/rp2_common/pico_mem_ops/mem_ops_aeabi.S.o
 .debug_line_str
                0x00000339       0x7f CMakeFiles/build.dir/home/mdlos/.pico-sdk/sdk/2.1.0/src/rp2_common/pico_crt0/crt0.S.o
 .debug_line_str
                0x00000339       0xc2 /home/mdlos/.pico-sdk/toolchain/13_3_Rel1/bin/../lib/gcc/arm-none-eabi/13.3.1/thumb/v6-m/nofp/libgcc.a(_dvmd_tls.o)
